Archive member included to satisfy reference by file (symbol)

/usr/lib/gcc/arm-none-eabi/13.2.1/../../../arm-none-eabi/lib/thumb/v7e-m+fp/hard/libc_nano.a(libc_a-strtod.o)
                              build/command.o (strtof)
/usr/lib/gcc/arm-none-eabi/13.2.1/../../../arm-none-eabi/lib/thumb/v7e-m+fp/hard/libc_nano.a(libc_a-impure.o)
                              /usr/lib/gcc/arm-none-eabi/13.2.1/../../../arm-none-eabi/lib/thumb/v7e-m+fp/hard/libc_nano.a(libc_a-strtod.o) (_impure_ptr)
/usr/lib/gcc/arm-none-eabi/13.2.1/../../../arm-none-eabi/lib/thumb/v7e-m+fp/hard/libc_nano.a(libc_a-gdtoa-gethex.o)
                              /usr/lib/gcc/arm-none-eabi/13.2.1/../../../arm-none-eabi/lib/thumb/v7e-m+fp/hard/libc_nano.a(libc_a-strtod.o) (__gethex)
/usr/lib/gcc/arm-none-eabi/13.2.1/../../../arm-none-eabi/lib/thumb/v7e-m+fp/hard/libc_nano.a(libc_a-init.o)
                              /usr/lib/gcc/arm-none-eabi/13.2.1/../../../arm-none-eabi/lib/thumb/v7e-m+fp/hard/crt0.o (__libc_init_array)
/usr/lib/gcc/arm-none-eabi/13.2.1/../../../arm-none-eabi/lib/thumb/v7e-m+fp/hard/libc_nano.a(libc_a-puts.o)
                              build/main.o (puts)
/usr/lib/gcc/arm-none-eabi/13.2.1/../../../arm-none-eabi/lib/thumb/v7e-m+fp/hard/libc_nano.a(libc_a-findfp.o)
                              /usr/lib/gcc/arm-none-eabi/13.2.1/../../../arm-none-eabi/lib/thumb/v7e-m+fp/hard/libc_nano.a(libc_a-puts.o) (__sinit)
/usr/lib/gcc/arm-none-eabi/13.2.1/../../../arm-none-eabi/lib/thumb/v7e-m+fp/hard/libc_nano.a(libc_a-memset.o)
                              /usr/lib/gcc/arm-none-eabi/13.2.1/../../../arm-none-eabi/lib/thumb/v7e-m+fp/hard/crt0.o (memset)
/usr/lib/gcc/arm-none-eabi/13.2.1/../../../arm-none-eabi/lib/thumb/v7e-m+fp/hard/libc_nano.a(libc_a-fflush.o)
                              /usr/lib/gcc/arm-none-eabi/13.2.1/../../../arm-none-eabi/lib/thumb/v7e-m+fp/hard/libc_nano.a(libc_a-findfp.o) (_fflush_r)
/usr/lib/gcc/arm-none-eabi/13.2.1/../../../arm-none-eabi/lib/thumb/v7e-m+fp/hard/libc_nano.a(libc_a-errno.o)
                              /usr/lib/gcc/arm-none-eabi/13.2.1/../../../arm-none-eabi/lib/thumb/v7e-m+fp/hard/libc_nano.a(libc_a-strtod.o) (__errno)
/usr/lib/gcc/arm-none-eabi/13.2.1/../../../arm-none-eabi/lib/thumb/v7e-m+fp/hard/libc_nano.a(libc_a-nano-vfprintf_float.o)
                              (_printf_float)
/usr/lib/gcc/arm-none-eabi/13.2.1/../../../arm-none-eabi/lib/thumb/v7e-m+fp/hard/libc_nano.a(libc_a-locale.o)
                              /usr/lib/gcc/arm-none-eabi/13.2.1/../../../arm-none-eabi/lib/thumb/v7e-m+fp/hard/libc_nano.a(libc_a-strtod.o) (__global_locale)
/usr/lib/gcc/arm-none-eabi/13.2.1/../../../arm-none-eabi/lib/thumb/v7e-m+fp/hard/libc_nano.a(libc_a-mallocr.o)
                              /usr/lib/gcc/arm-none-eabi/13.2.1/../../../arm-none-eabi/lib/thumb/v7e-m+fp/hard/libc_nano.a(libc_a-findfp.o) (_malloc_r)
/usr/lib/gcc/arm-none-eabi/13.2.1/../../../arm-none-eabi/lib/thumb/v7e-m+fp/hard/libc_nano.a(libc_a-dtoa.o)
                              /usr/lib/gcc/arm-none-eabi/13.2.1/../../../arm-none-eabi/lib/thumb/v7e-m+fp/hard/libc_nano.a(libc_a-nano-vfprintf_float.o) (_dtoa_r)
/usr/lib/gcc/arm-none-eabi/13.2.1/../../../arm-none-eabi/lib/thumb/v7e-m+fp/hard/libc_nano.a(libc_a-freer.o)
                              /usr/lib/gcc/arm-none-eabi/13.2.1/../../../arm-none-eabi/lib/thumb/v7e-m+fp/hard/libc_nano.a(libc_a-fflush.o) (_free_r)
/usr/lib/gcc/arm-none-eabi/13.2.1/../../../arm-none-eabi/lib/thumb/v7e-m+fp/hard/libc_nano.a(libc_a-strtol.o)
                              build/command.o (strtol)
/usr/lib/gcc/arm-none-eabi/13.2.1/../../../arm-none-eabi/lib/thumb/v7e-m+fp/hard/libc_nano.a(libc_a-fwalk.o)
                              /usr/lib/gcc/arm-none-eabi/13.2.1/../../../arm-none-eabi/lib/thumb/v7e-m+fp/hard/libc_nano.a(libc_a-findfp.o) (_fwalk_sglue)
/usr/lib/gcc/arm-none-eabi/13.2.1/../../../arm-none-eabi/lib/thumb/v7e-m+fp/hard/libc_nano.a(libc_a-wctomb_r.o)
                              /usr/lib/gcc/arm-none-eabi/13.2.1/../../../arm-none-eabi/lib/thumb/v7e-m+fp/hard/libc_nano.a(libc_a-locale.o) (__ascii_wctomb)
/usr/lib/gcc/arm-none-eabi/13.2.1/../../../arm-none-eabi/lib/thumb/v7e-m+fp/hard/libc_nano.a(libc_a-wsetup.o)
                              /usr/lib/gcc/arm-none-eabi/13.2.1/../../../arm-none-eabi/lib/thumb/v7e-m+fp/hard/libc_nano.a(libc_a-puts.o) (__swsetup_r)
/usr/lib/gcc/arm-none-eabi/13.2.1/../../../arm-none-eabi/lib/thumb/v7e-m+fp/hard/libc_nano.a(libc_a-memcpy.o)
                              /usr/lib/gcc/arm-none-eabi/13.2.1/../../../arm-none-eabi/lib/thumb/v7e-m+fp/hard/libc_nano.a(libc_a-strtod.o) (memcpy)
/usr/lib/gcc/arm-none-eabi/13.2.1/../../../arm-none-eabi/lib/thumb/v7e-m+fp/hard/libc_nano.a(libc_a-malloc.o)
                              /usr/lib/gcc/arm-none-eabi/13.2.1/../../../arm-none-eabi/lib/thumb/v7e-m+fp/hard/libc_nano.a(libc_a-dtoa.o) (malloc)
[...]
Memory Configuration

Name             Origin             Length             Attributes
RAM              0x20000000         0x00020000         xrw
CCMRAM           0x10000000         0x00010000         xrw
FLASH            0x08000000         0x00100000         xr
*default*        0x00000000         0xffffffff

Linker script and memory map

LOAD /usr/lib/gcc/arm-none-eabi/13.2.1/thumb/v7e-m+fp/hard/crti.o
LOAD /usr/lib/gcc/arm-none-eabi/13.2.1/thumb/v7e-m+fp/hard/crtbegin.o
LOAD /usr/lib/gcc/arm-none-eabi/13.2.1/../../../arm-none-eabi/lib/thumb/v7e-m+fp/hard/crt0.o
LOAD build/main.o
LOAD build/stm32f4xx_it.o
LOAD build/system_stm32f4xx.o
LOAD build/mpu6050.o
LOAD build/stm32f4xx_hal.o
LOAD build/stm32f4xx_hal_cortex.o
LOAD build/stm32f4xx_hal_rcc.o
LOAD build/stm32f4xx_hal_rcc_ex.o
LOAD build/stm32f4xx_hal_gpio.o
LOAD build/stm32f4xx_hal_dma.o
LOAD build/stm32f4xx_hal_dma_ex.o
LOAD build/stm32f4xx_hal_pwr.o
LOAD build/stm32f4xx_hal_pwr_ex.o
LOAD build/stm32f4xx_hal_flash.o
LOAD build/stm32f4xx_hal_flash_ex.o
LOAD build/stm32f4xx_hal_flash_ramfunc.o
LOAD build/stm32f4xx_hal_i2c.o
LOAD build/stm32f4xx_hal_i2c_ex.o
LOAD build/stm32f4xx_hal_uart.o
LOAD build/stm32f4xx_hal_tim.o
LOAD build/stm32f4xx_hal_tim_ex.o
LOAD build/motor.o
LOAD build/command.o
LOAD build/pid.o
LOAD build/control.o
LOAD build/mixer.o
LOAD build/startup_stm32f405xx.o
LOAD /usr/lib/gcc/arm-none-eabi/13.2.1/../../../arm-none-eabi/lib/thumb/v7e-m+fp/hard/libc_nano.a
LOAD /usr/lib/gcc/arm-none-eabi/13.2.1/../../../arm-none-eabi/lib/thumb/v7e-m+fp/hard/libm.a
LOAD /usr/lib/gcc/arm-none-eabi/13.2.1/../../../arm-none-eabi/lib/thumb/v7e-m+fp/hard/libnosys.a
START GROUP
LOAD /usr/lib/gcc/arm-none-eabi/13.2.1/thumb/v7e-m+fp/hard/libgcc.a
LOAD /usr/lib/gcc/arm-none-eabi/13.2.1/../../../arm-none-eabi/lib/thumb/v7e-m+fp/hard/libc_nano.a
END GROUP
START GROUP
LOAD /usr/lib/gcc/arm-none-eabi/13.2.1/thumb/v7e-m+fp/hard/libgcc.a
LOAD /usr/lib/gcc/arm-none-eabi/13.2.1/../../../arm-none-eabi/lib/thumb/v7e-m+fp/hard/libc_nano.a
END GROUP
LOAD /usr/lib/gcc/arm-none-eabi/13.2.1/thumb/v7e-m+fp/hard/crtend.o
LOAD /usr/lib/gcc/arm-none-eabi/13.2.1/thumb/v7e-m+fp/hard/crtn.o
                0x20020000                        _estack = (ORIGIN (RAM) + LENGTH (RAM))
                0x00000200                        _Min_Heap_Size = 0x200
                0x00000400                        _Min_Stack_Size = 0x400

.isr_vector     0x08000000      0x188
                0x08000000                        . = ALIGN (0x4)
 *(.isr_vector)
 .isr_vector    0x08000000      0x188 build/startup_stm32f405xx.o
                0x08000000                g_pfnVectors
                0x08000188                        . = ALIGN (0x4)

.text           0x080001c0     0xb974
                0x080001c0                        . = ALIGN (0x4)
 *(.text)
 .text          0x080001c0       0x88 /usr/lib/gcc/arm-none-eabi/13.2.1/thumb/v7e-m+fp/hard/crtbegin.o
 .text          0x08000248     0x11bc /usr/lib/gcc/arm-none-eabi/13.2.1/../../../arm-none-eabi/lib/thumb/v7e-m+fp/hard/libc_nano.a(libc_a-strtod.o)
                0x08000248                _strtod_l
                0x0800123c                _strtod_r
                0x08001248                strtod_l
                0x08001264                strtod
                0x08001284                strtof_l
                0x08001334                strtof
 .text          0x08001404      0x630 /usr/lib/gcc/arm-none-eabi/13.2.1/../../../arm-none-eabi/lib/thumb/v7e-m+fp/hard/libc_nano.a(libc_a-gdtoa-gethex.o)
                0x080014a8                __gethex
 .text          0x08001a34       0x50 /usr/lib/gcc/arm-none-eabi/13.2.1/../../../arm-none-eabi/lib/thumb/v7e-m+fp/hard/libc_nano.a(libc_a-init.o)
                0x08001a34                __libc_init_array
 .text          0x08001a84       0xa0 /usr/lib/gcc/arm-none-eabi/13.2.1/../../../arm-none-eabi/lib/thumb/v7e-m+fp/hard/libc_nano.a(libc_a-puts.o)
                0x08001a84                _puts_r
                0x08001b14                puts
 .text          0x08001b24      0x224 /usr/lib/gcc/arm-none-eabi/13.2.1/../../../arm-none-eabi/lib/thumb/v7e-m+fp/hard/libc_nano.a(libc_a-findfp.o)
                0x08001c54                __sfp
                0x08001cf8                __sinit
                0x08001d18                __sfp_lock_acquire
                0x08001d1c                __sfp_lock_release
                0x08001d20                __fp_lock_all
                0x08001d34                __fp_unlock_all
 .text          0x08001d48       0xa4 /usr/lib/gcc/arm-none-eabi/13.2.1/../../../arm-none-eabi/lib/thumb/v7e-m+fp/hard/libc_nano.a(libc_a-memset.o)
                0x08001d48                memset
 .text          0x08001dec      0x1a8 /usr/lib/gcc/arm-none-eabi/13.2.1/../../../arm-none-eabi/lib/thumb/v7e-m+fp/hard/libc_nano.a(libc_a-fflush.o)
                0x08001dec                __sflush_r
                0x08001f10                _fflush_r
                0x08001f48                fflush
 .text          0x08001f94        0xc /usr/lib/gcc/arm-none-eabi/13.2.1/../../../arm-none-eabi/lib/thumb/v7e-m+fp/hard/libc_nano.a(libc_a-errno.o)
                0x08001f94                __errno
 .text          0x08001fa0      0x6b0 /usr/lib/gcc/arm-none-eabi/13.2.1/../../../arm-none-eabi/lib/thumb/v7e-m+fp/hard/libc_nano.a(libc_a-nano-vfprintf_float.o)
                0x08001fa0                __cvt
                0x080020b0                __exponent
                0x08002134                _printf_float
 .text          0x08002650      0x148 /usr/lib/gcc/arm-none-eabi/13.2.1/../../../arm-none-eabi/lib/thumb/v7e-m+fp/hard/libc_nano.a(libc_a-mallocr.o)
                0x08002698                _malloc_r
 .text          0x08002798      0xfdc /usr/lib/gcc/arm-none-eabi/13.2.1/../../../arm-none-eabi/lib/thumb/v7e-m+fp/hard/libc_nano.a(libc_a-dtoa.o)
                0x080028c4                _dtoa_r
 .text          0x08003774       0xbc /usr/lib/gcc/arm-none-eabi/13.2.1/../../../arm-none-eabi/lib/thumb/v7e-m+fp/hard/libc_nano.a(libc_a-freer.o)
                0x08003774                _free_r
 .text          0x08003830      0x16c /usr/lib/gcc/arm-none-eabi/13.2.1/../../../arm-none-eabi/lib/thumb/v7e-m+fp/hard/libc_nano.a(libc_a-strtol.o)
                0x08003968                _strtol_r
                0x0800396c                strtol_l
                0x08003984                strtol
 .text          0x0800399c       0x44 /usr/lib/gcc/arm-none-eabi/13.2.1/../../../arm-none-eabi/lib/thumb/v7e-m+fp/hard/libc_nano.a(libc_a-fwalk.o)
                0x0800399c                _fwalk_sglue
 .text          0x080039e0       0x30 /usr/lib/gcc/arm-none-eabi/13.2.1/../../../arm-none-eabi/lib/thumb/v7e-m+fp/hard/libc_nano.a(libc_a-wctomb_r.o)
                0x080039e0                _wctomb_r
                0x080039f4                __ascii_wctomb
 .text          0x08003a10       0xc4 /usr/lib/gcc/arm-none-eabi/13.2.1/../../../arm-none-eabi/lib/thumb/v7e-m+fp/hard/libc_nano.a(libc_a-wsetup.o)
                0x08003a10                __swsetup_r
 .text          0x08003ad4      0x134 /usr/lib/gcc/arm-none-eabi/13.2.1/../../../arm-none-eabi/lib/thumb/v7e-m+fp/hard/libc_nano.a(libc_a-memcpy.o)
                0x08003ad4                memcpy
 .text          0x08003c08       0x20 /usr/lib/gcc/arm-none-eabi/13.2.1/../../../arm-none-eabi/lib/thumb/v7e-m+fp/hard/libc_nano.a(libc_a-malloc.o)
                0x08003c08                malloc
                0x08003c18                free
 .text          0x08003c28      0x3a8 /usr/lib/gcc/arm-none-eabi/13.2.1/../../../arm-none-eabi/lib/thumb/v7e-m+fp/hard/libc_nano.a(libc_a-nano-vfprintf_i.o)
                0x08003c28                _printf_common
                0x08003d4c                _printf_i
 .text          0x08003fd0        0x8 /usr/lib/gcc/arm-none-eabi/13.2.1/../../../arm-none-eabi/lib/thumb/v7e-m+fp/hard/libc_nano.a(libc_a-mlock.o)
                0x08003fd0                __malloc_lock
                0x08003fd4                __malloc_unlock
 .text          0x08003fd8       0x8c /usr/lib/gcc/arm-none-eabi/13.2.1/../../../arm-none-eabi/lib/thumb/v7e-m+fp/hard/libc_nano.a(libc_a-strncmp.o)
                0x08003fd8                strncmp
 .text          0x08004064      0x114 /usr/lib/gcc/arm-none-eabi/13.2.1/../../../arm-none-eabi/lib/thumb/v7e-m+fp/hard/libc_nano.a(libc_a-makebuf.o)
                0x08004064                __smakebuf_r
                0x08004128                __swhatbuf_r
 *fill*         0x08004178        0x8 
 .text          0x08004180      0x2e0 /usr/lib/gcc/arm-none-eabi/13.2.1/../../../arm-none-eabi/lib/thumb/v7e-m+fp/hard/libc_nano.a(libc_a-strcmp.o)
                0x08004180                strcmp
 .text          0x08004460      0x204 /usr/lib/gcc/arm-none-eabi/13.2.1/../../../arm-none-eabi/lib/thumb/v7e-m+fp/hard/libc_nano.a(libc_a-gdtoa-hexnan.o)
                0x08004460                __match
                0x08004498                __hexnan
 .text          0x08004664       0x48 /usr/lib/gcc/arm-none-eabi/13.2.1/../../../arm-none-eabi/lib/thumb/v7e-m+fp/hard/libc_nano.a(libc_a-printf.o)
                0x08004664                _printf_r
                0x08004664                _iprintf_r
                0x08004684                printf
                0x08004684                iprintf
 .text          0x080046ac       0x24 /usr/lib/gcc/arm-none-eabi/13.2.1/../../../arm-none-eabi/lib/thumb/v7e-m+fp/hard/libc_nano.a(libc_a-isattyr.o)
                0x080046ac                _isatty_r
 .text          0x080046d0      0x314 /usr/lib/gcc/arm-none-eabi/13.2.1/../../../arm-none-eabi/lib/thumb/v7e-m+fp/hard/libc_nano.a(libc_a-nano-vfprintf.o)
                0x0800470c                __sfputs_r
                0x0800473c                __sprint_r
                0x0800475c                _vfiprintf_r
                0x0800475c                _vfprintf_r
                0x080049c8                vfiprintf
                0x080049c8                vfprintf
 .text          0x080049e4       0xa0 /usr/lib/gcc/arm-none-eabi/13.2.1/../../../arm-none-eabi/lib/thumb/v7e-m+fp/hard/libc_nano.a(libc_a-wbuf.o)
                0x080049e4                __swbuf_r
                0x08004a6c                __swbuf
 *fill*         0x08004a84        0x4 
 .text          0x08004a88       0x10 /usr/lib/gcc/arm-none-eabi/13.2.1/../../../arm-none-eabi/lib/thumb/v7e-m+fp/hard/libc_nano.a(libm_a-s_nan.o)
                0x08004a88                nan
 .text          0x08004a98        0xc /usr/lib/gcc/arm-none-eabi/13.2.1/../../../arm-none-eabi/lib/thumb/v7e-m+fp/hard/libc_nano.a(libm_a-sf_nan.o)
                0x08004a98                nanf
 .text          0x08004aa4       0x4c /usr/lib/gcc/arm-none-eabi/13.2.1/../../../arm-none-eabi/lib/thumb/v7e-m+fp/hard/libc_nano.a(libc_a-assert.o)
                0x08004aa4                __assert_func
                0x08004ae4                __assert
 .text          0x08004af0      0xb10 /usr/lib/gcc/arm-none-eabi/13.2.1/../../../arm-none-eabi/lib/thumb/v7e-m+fp/hard/libc_nano.a(libc_a-mprec.o)
                0x08004af0                _Balloc
                0x08004b70                _Bfree
                0x08004bb8                __multadd
                0x08004c54                __s2b
                0x08004d08                __hi0bits
                0x08004d4c                __lo0bits
                0x08004dac                __i2b
                0x08004dd8                __multiply
                0x08004f44                __pow5mult
                0x08005024                __lshift
                0x0800510c                __mcmp
                0x08005150                __mdiff
                0x080052c8                __ulp
                0x0800532c                __b2d
                0x080053e8                __d2b
                0x080054a8                __ratio
                0x08005508                _mprec_log10
                0x08005548                __copybits
                0x080055a4                __any_on
 .text          0x08005600       0x24 /usr/lib/gcc/arm-none-eabi/13.2.1/../../../arm-none-eabi/lib/thumb/v7e-m+fp/hard/libc_nano.a(libc_a-sbrkr.o)
                0x08005600                _sbrk_r
 .text          0x08005624       0x94 /usr/lib/gcc/arm-none-eabi/13.2.1/../../../arm-none-eabi/lib/thumb/v7e-m+fp/hard/libc_nano.a(libc_a-stdio.o)
                0x08005624                __sread
                0x08005648                __seofread
                0x0800564c                __swrite
                0x0800568c                __sseek
                0x080056b0                __sclose
 .text          0x080056b8       0x14 /usr/lib/gcc/arm-none-eabi/13.2.1/../../../arm-none-eabi/lib/thumb/v7e-m+fp/hard/libc_nano.a(libc_a-localeconv.o)
                0x080056b8                __localeconv_l
                0x080056bc                _localeconv_r
                0x080056c4                localeconv
 .text          0x080056cc      0x300 /usr/lib/gcc/arm-none-eabi/13.2.1/../../../arm-none-eabi/lib/thumb/v7e-m+fp/hard/libc_nano.a(libc_a-fvwrite.o)
                0x080056cc                __sfvwrite_r
 .text          0x080059cc       0x40 /usr/lib/gcc/arm-none-eabi/13.2.1/../../../arm-none-eabi/lib/thumb/v7e-m+fp/hard/libc_nano.a(libc_a-mbtowc_r.o)
                0x080059cc                _mbtowc_r
                0x080059e0                __ascii_mbtowc
 .text          0x08005a0c       0x10 /usr/lib/gcc/arm-none-eabi/13.2.1/../../../arm-none-eabi/lib/thumb/v7e-m+fp/hard/libc_nano.a(libc_a-abort.o)
                0x08005a0c                abort
 .text          0x08005a1c       0x24 /usr/lib/gcc/arm-none-eabi/13.2.1/../../../arm-none-eabi/lib/thumb/v7e-m+fp/hard/libc_nano.a(libc_a-closer.o)
                0x08005a1c                _close_r
 .text          0x08005a40       0xd8 /usr/lib/gcc/arm-none-eabi/13.2.1/../../../arm-none-eabi/lib/thumb/v7e-m+fp/hard/libc_nano.a(libc_a-strlen.o)
                0x08005a40                strlen
 .text          0x08005b18       0x28 /usr/lib/gcc/arm-none-eabi/13.2.1/../../../arm-none-eabi/lib/thumb/v7e-m+fp/hard/libc_nano.a(libc_a-callocr.o)
                0x08005b18                _calloc_r
 .text          0x08005b40      0x100 /usr/lib/gcc/arm-none-eabi/13.2.1/../../../arm-none-eabi/lib/thumb/v7e-m+fp/hard/libc_nano.a(libc_a-memmove.o)
                0x08005b40                memmove
 .text          0x08005c40       0xa0 /usr/lib/gcc/arm-none-eabi/13.2.1/../../../arm-none-eabi/lib/thumb/v7e-m+fp/hard/libc_nano.a(libc_a-memchr.o)
                0x08005c40                memchr
 .text          0x08005ce0       0x2c /usr/lib/gcc/arm-none-eabi/13.2.1/../../../arm-none-eabi/lib/thumb/v7e-m+fp/hard/libc_nano.a(libc_a-readr.o)
                0x08005ce0                _read_r
 .text          0x08005d0c       0x44 /usr/lib/gcc/arm-none-eabi/13.2.1/../../../arm-none-eabi/lib/thumb/v7e-m+fp/hard/libc_nano.a(libc_a-fprintf.o)
                0x08005d0c                _fprintf_r
                0x08005d0c                _fiprintf_r
                0x08005d28                fprintf
                0x08005d28                fiprintf
 .text          0x08005d50       0x64 /usr/lib/gcc/arm-none-eabi/13.2.1/../../../arm-none-eabi/lib/thumb/v7e-m+fp/hard/libc_nano.a(libc_a-reallocr.o)
                0x08005d50                _realloc_r
 .text          0x08005db4       0x2c /usr/lib/gcc/arm-none-eabi/13.2.1/../../../arm-none-eabi/lib/thumb/v7e-m+fp/hard/libc_nano.a(libc_a-fstatr.o)
                0x08005db4                _fstat_r
 .text          0x08005de0       0x2c /usr/lib/gcc/arm-none-eabi/13.2.1/../../../arm-none-eabi/lib/thumb/v7e-m+fp/hard/libc_nano.a(libc_a-lseekr.o)
                0x08005de0                _lseek_r
 .text          0x08005e0c       0x2c /usr/lib/gcc/arm-none-eabi/13.2.1/../../../arm-none-eabi/lib/thumb/v7e-m+fp/hard/libc_nano.a(libc_a-writer.o)
                0x08005e0c                _write_r
 .text          0x08005e38       0x10 /usr/lib/gcc/arm-none-eabi/13.2.1/../../../arm-none-eabi/lib/thumb/v7e-m+fp/hard/libc_nano.a(libc_a-msizer.o)
                0x08005e38                _malloc_usable_size_r
 .text          0x08005e48      0x260 /usr/lib/gcc/arm-none-eabi/13.2.1/../../../arm-none-eabi/lib/thumb/v7e-m+fp/hard/libc_nano.a(libc_a-signal.o)
                0x08005e48                _init_signal_r
                0x08005e74                _signal_r
                0x08005ec0                _raise_r
                0x08005f10                __sigtramp_r
                0x08005f70                raise
                0x08005fc4                signal
                0x08006010                _init_signal
                0x08006044                __sigtramp
 .text          0x080060a8       0x30 /usr/lib/gcc/arm-none-eabi/13.2.1/../../../arm-none-eabi/lib/thumb/v7e-m+fp/hard/libc_nano.a(libc_a-signalr.o)
                0x080060a8                _kill_r
                0x080060d4                _getpid_r
 .text          0x080060d8       0x44 /usr/lib/gcc/arm-none-eabi/13.2.1/../../../arm-none-eabi/lib/thumb/v7e-m+fp/hard/libm.a(libm_a-wf_sqrt.o)
                0x080060d8                sqrtf
 .text          0x0800611c        0x4 /usr/lib/gcc/arm-none-eabi/13.2.1/../../../arm-none-eabi/lib/thumb/v7e-m+fp/hard/libm.a(libm_a-wf_atan2.o)
                0x0800611c                atan2f
 .text          0x08006120      0x14c /usr/lib/gcc/arm-none-eabi/13.2.1/../../../arm-none-eabi/lib/thumb/v7e-m+fp/hard/libm.a(libm_a-ef_atan2.o)
                0x08006120                __ieee754_atan2f
 .text          0x0800626c      0x1a0 /usr/lib/gcc/arm-none-eabi/13.2.1/../../../arm-none-eabi/lib/thumb/v7e-m+fp/hard/libm.a(libm_a-sf_atan.o)
                0x0800626c                atanf
 .text          0x0800640c       0x10 /usr/lib/gcc/arm-none-eabi/13.2.1/../../../arm-none-eabi/lib/thumb/v7e-m+fp/hard/libm.a(libm_a-sf_fabs.o)
                0x0800640c                fabsf
 .text          0x0800641c        0x8 /usr/lib/gcc/arm-none-eabi/13.2.1/../../../arm-none-eabi/lib/thumb/v7e-m+fp/hard/libm.a(libm_a-ef_sqrt.o)
                0x0800641c                __ieee754_sqrtf
 .text          0x08006424       0x10 /usr/lib/gcc/arm-none-eabi/13.2.1/../../../arm-none-eabi/lib/thumb/v7e-m+fp/hard/libnosys.a(close.o)
                0x08006424                _close
 .text          0x08006434       0x10 /usr/lib/gcc/arm-none-eabi/13.2.1/../../../arm-none-eabi/lib/thumb/v7e-m+fp/hard/libnosys.a(fstat.o)
                0x08006434                _fstat
 .text          0x08006444       0x10 /usr/lib/gcc/arm-none-eabi/13.2.1/../../../arm-none-eabi/lib/thumb/v7e-m+fp/hard/libnosys.a(getpid.o)
                0x08006444                _getpid
 .text          0x08006454       0x10 /usr/lib/gcc/arm-none-eabi/13.2.1/../../../arm-none-eabi/lib/thumb/v7e-m+fp/hard/libnosys.a(isatty.o)
                0x08006454                _isatty
 .text          0x08006464       0x10 /usr/lib/gcc/arm-none-eabi/13.2.1/../../../arm-none-eabi/lib/thumb/v7e-m+fp/hard/libnosys.a(kill.o)
                0x08006464                _kill
 .text          0x08006474       0x10 /usr/lib/gcc/arm-none-eabi/13.2.1/../../../arm-none-eabi/lib/thumb/v7e-m+fp/hard/libnosys.a(lseek.o)
                0x08006474                _lseek
 .text          0x08006484       0x10 /usr/lib/gcc/arm-none-eabi/13.2.1/../../../arm-none-eabi/lib/thumb/v7e-m+fp/hard/libnosys.a(read.o)
                0x08006484                _read
 .text          0x08006494       0x1c /usr/lib/gcc/arm-none-eabi/13.2.1/../../../arm-none-eabi/lib/thumb/v7e-m+fp/hard/libnosys.a(sbrk.o)
                0x08006494                _sbrk
 .text          0x080064b0        0x4 /usr/lib/gcc/arm-none-eabi/13.2.1/../../../arm-none-eabi/lib/thumb/v7e-m+fp/hard/libnosys.a(_exit.o)
                0x080064b0                _exit
 .text          0x080064b4      0x378 /usr/lib/gcc/arm-none-eabi/13.2.1/thumb/v7e-m+fp/hard/libgcc.a(_arm_addsubdf3.o)
                0x080064b4                __aeabi_drsub
                0x080064bc                __aeabi_dsub
                0x080064bc                __subdf3
                0x080064c0                __adddf3
                0x080064c0                __aeabi_dadd
                0x08006738                __aeabi_ui2d
                0x08006738                __floatunsidf
                0x08006758                __floatsidf
                0x08006758                __aeabi_i2d
                0x0800677c                __extendsfdf2
                0x0800677c                __aeabi_f2d
                0x080067c0                __aeabi_ul2d
                0x080067c0                __floatundidf
                0x080067d0                __floatdidf
                0x080067d0                __aeabi_l2d
 .text          0x0800682c      0x424 /usr/lib/gcc/arm-none-eabi/13.2.1/thumb/v7e-m+fp/hard/libgcc.a(_arm_muldivdf3.o)
                0x0800682c                __aeabi_dmul
                0x0800682c                __muldf3
                0x08006a80                __aeabi_ddiv
                0x08006a80                __divdf3
 .text          0x08006c50      0x110 /usr/lib/gcc/arm-none-eabi/13.2.1/thumb/v7e-m+fp/hard/libgcc.a(_arm_cmpdf2.o)
                0x08006c50                __gtdf2
                0x08006c50                __gedf2
                0x08006c58                __ltdf2
                0x08006c58                __ledf2
                0x08006c60                __cmpdf2
                0x08006c60                __eqdf2
                0x08006c60                __nedf2
                0x08006cdc                __aeabi_cdrcmple
                0x08006cec                __aeabi_cdcmple
                0x08006cec                __aeabi_cdcmpeq
                0x08006cfc                __aeabi_dcmpeq
                0x08006d10                __aeabi_dcmplt
                0x08006d24                __aeabi_dcmple
                0x08006d38                __aeabi_dcmpge
                0x08006d4c                __aeabi_dcmpgt
 .text          0x08006d60       0x2c /usr/lib/gcc/arm-none-eabi/13.2.1/thumb/v7e-m+fp/hard/libgcc.a(_arm_unorddf2.o)
                0x08006d60                __aeabi_dcmpun
                0x08006d60                __unorddf2
 .text          0x08006d8c       0x50 /usr/lib/gcc/arm-none-eabi/13.2.1/thumb/v7e-m+fp/hard/libgcc.a(_arm_fixdfsi.o)
                0x08006d8c                __fixdfsi
                0x08006d8c                __aeabi_d2iz
 .text          0x08006ddc       0x40 /usr/lib/gcc/arm-none-eabi/13.2.1/thumb/v7e-m+fp/hard/libgcc.a(_arm_fixunsdfsi.o)
                0x08006ddc                __fixunsdfsi
                0x08006ddc                __aeabi_d2uiz
 .text          0x08006e1c       0xa0 /usr/lib/gcc/arm-none-eabi/13.2.1/thumb/v7e-m+fp/hard/libgcc.a(_arm_truncdfsf2.o)
                0x08006e1c                __aeabi_d2f
                0x08006e1c                __truncdfsf2
 .text          0x08006ebc       0x30 /usr/lib/gcc/arm-none-eabi/13.2.1/thumb/v7e-m+fp/hard/libgcc.a(_aeabi_uldivmod.o)
                0x08006ebc                __aeabi_uldivmod
 .text          0x08006eec       0x30 /usr/lib/gcc/arm-none-eabi/13.2.1/thumb/v7e-m+fp/hard/libgcc.a(_fixdfdi.o)
                0x08006eec                __aeabi_d2lz
                0x08006eec                __fixdfdi
 .text          0x08006f1c       0x3c /usr/lib/gcc/arm-none-eabi/13.2.1/thumb/v7e-m+fp/hard/libgcc.a(_fixunsdfdi.o)
                0x08006f1c                __aeabi_d2ulz
                0x08006f1c                __fixunsdfdi
 .text          0x08006f58      0x2bc /usr/lib/gcc/arm-none-eabi/13.2.1/thumb/v7e-m+fp/hard/libgcc.a(_udivmoddi4.o)
                0x08006f58                __udivmoddi4
 .text          0x08007214        0x4 /usr/lib/gcc/arm-none-eabi/13.2.1/thumb/v7e-m+fp/hard/libgcc.a(_dvmd_tls.o)
                0x08007214                __aeabi_ldiv0
                0x08007214                __aeabi_idiv0
 *(.text*)
 .text.GPIO_Init
                0x08007218       0x80 build/main.o
 .text._write   0x08007298       0x18 build/main.o
                0x08007298                _write
 .text.HAL_TIM_PeriodElapsedCallback
                0x080072b0       0x28 build/main.o
                0x080072b0                HAL_TIM_PeriodElapsedCallback
 .text.SysTick_Handler
                0x080072d8        0x8 build/main.o
                0x080072d8                SysTick_Handler
 .text.Error_Handler
                0x080072e0       0x2c build/main.o
                0x080072e0                Error_Handler
 .text.SystemClock_Config
                0x0800730c       0xac build/main.o
 .text.USART2_Init
                0x080073b8       0x9c build/main.o
 .text.I2C1_Init
                0x08007454       0x94 build/main.o
 .text.TIM2_Loop_Init
                0x080074e8       0x64 build/main.o
 .text.main     0x0800754c      0x264 build/main.o
                0x0800754c                main
 .text.assert_failed
                0x080077b0        0x2 build/main.o
                0x080077b0                assert_failed
 .text.NMI_Handler
                0x080077b2        0x2 build/stm32f4xx_it.o
                0x080077b2                NMI_Handler
 .text.HardFault_Handler
                0x080077b4        0x2 build/stm32f4xx_it.o
                0x080077b4                HardFault_Handler
 .text.MemManage_Handler
                0x080077b6        0x2 build/stm32f4xx_it.o
                0x080077b6                MemManage_Handler
 .text.BusFault_Handler
                0x080077b8        0x2 build/stm32f4xx_it.o
                0x080077b8                BusFault_Handler
 .text.UsageFault_Handler
                0x080077ba        0x2 build/stm32f4xx_it.o
                0x080077ba                UsageFault_Handler
 .text.SVC_Handler
                0x080077bc        0x2 build/stm32f4xx_it.o
                0x080077bc                SVC_Handler
 .text.DebugMon_Handler
                0x080077be        0x2 build/stm32f4xx_it.o
                0x080077be                DebugMon_Handler
 .text.PendSV_Handler
                0x080077c0        0x2 build/stm32f4xx_it.o
                0x080077c0                PendSV_Handler
 *fill*         0x080077c2        0x2 
 .text.USART2_IRQHandler
                0x080077c4       0x10 build/stm32f4xx_it.o
                0x080077c4                USART2_IRQHandler
 .text.TIM2_IRQHandler
                0x080077d4       0x10 build/stm32f4xx_it.o
                0x080077d4                TIM2_IRQHandler
 .text.SystemInit
                0x080077e4       0x14 build/system_stm32f4xx.o
                0x080077e4                SystemInit
 .text.MPU6050_WhoAmI
                0x080077f8       0x1c build/mpu6050.o
                0x080077f8                MPU6050_WhoAmI
 .text.MPU6050_Init
                0x08007814       0xa0 build/mpu6050.o
                0x08007814                MPU6050_Init
 .text.MPU6050_ReadAll
                0x080078b4       0x84 build/mpu6050.o
                0x080078b4                MPU6050_ReadAll
 .text.MPU6050_Calibrate
                0x08007938       0x94 build/mpu6050.o
                0x08007938                MPU6050_Calibrate
 .text.MPU6050_Convert
                0x080079cc       0xa4 build/mpu6050.o
                0x080079cc                MPU6050_Convert
 .text.MPU6050_UpdateAngles
                0x08007a70       0xbc build/mpu6050.o
                0x08007a70                MPU6050_UpdateAngles
 .text.HAL_MspInit
                0x08007b2c        0x2 build/stm32f4xx_hal.o
                0x08007b2c                HAL_MspInit
 *fill*         0x08007b2e        0x2 
 .text.HAL_InitTick
                0x08007b30       0x4c build/stm32f4xx_hal.o
                0x08007b30                HAL_InitTick
 .text.HAL_Init
                0x08007b7c       0x34 build/stm32f4xx_hal.o
                0x08007b7c                HAL_Init
 .text.HAL_IncTick
                0x08007bb0       0x18 build/stm32f4xx_hal.o
                0x08007bb0                HAL_IncTick
 .text.HAL_GetTick
                0x08007bc8        0xc build/stm32f4xx_hal.o
                0x08007bc8                HAL_GetTick
 .text.HAL_Delay
                0x08007bd4       0x28 build/stm32f4xx_hal.o
                0x08007bd4                HAL_Delay
 .text.__NVIC_EnableIRQ
                0x08007bfc       0x1c build/stm32f4xx_hal_cortex.o
 .text.__NVIC_SetPriority
                0x08007c18       0x28 build/stm32f4xx_hal_cortex.o
 .text.NVIC_EncodePriority
                0x08007c40       0x3e build/stm32f4xx_hal_cortex.o
 *fill*         0x08007c7e        0x2 
 .text.HAL_NVIC_SetPriorityGrouping
                0x08007c80       0x3c build/stm32f4xx_hal_cortex.o
                0x08007c80                HAL_NVIC_SetPriorityGrouping
 .text.HAL_NVIC_SetPriority
                0x08007cbc       0x48 build/stm32f4xx_hal_cortex.o
                0x08007cbc                HAL_NVIC_SetPriority
 .text.HAL_NVIC_EnableIRQ
                0x08007d04       0x1c build/stm32f4xx_hal_cortex.o
                0x08007d04                HAL_NVIC_EnableIRQ
 .text.HAL_SYSTICK_Config
                0x08007d20       0x28 build/stm32f4xx_hal_cortex.o
                0x08007d20                HAL_SYSTICK_Config
 .text.HAL_RCC_OscConfig
                0x08007d48      0x4fc build/stm32f4xx_hal_rcc.o
                0x08007d48                HAL_RCC_OscConfig
 .text.HAL_RCC_GetSysClockFreq
                0x08008244       0xdc build/stm32f4xx_hal_rcc.o
                0x08008244                HAL_RCC_GetSysClockFreq
 .text.HAL_RCC_ClockConfig
                0x08008320      0x224 build/stm32f4xx_hal_rcc.o
                0x08008320                HAL_RCC_ClockConfig
 .text.HAL_RCC_GetHCLKFreq
                0x08008544        0xc build/stm32f4xx_hal_rcc.o
                0x08008544                HAL_RCC_GetHCLKFreq
 .text.HAL_RCC_GetPCLK1Freq
                0x08008550       0x20 build/stm32f4xx_hal_rcc.o
                0x08008550                HAL_RCC_GetPCLK1Freq
 .text.HAL_RCC_GetPCLK2Freq
                0x08008570       0x20 build/stm32f4xx_hal_rcc.o
                0x08008570                HAL_RCC_GetPCLK2Freq
 .text.HAL_GPIO_Init
                0x08008590      0x2c0 build/stm32f4xx_hal_gpio.o
                0x08008590                HAL_GPIO_Init
 .text.HAL_GPIO_WritePin
                0x08008850       0x38 build/stm32f4xx_hal_gpio.o
                0x08008850                HAL_GPIO_WritePin
 .text.HAL_GPIO_TogglePin
                0x08008888       0x2c build/stm32f4xx_hal_gpio.o
                0x08008888                HAL_GPIO_TogglePin
 .text.HAL_DMA_Abort
                0x080088b4       0x94 build/stm32f4xx_hal_dma.o
                0x080088b4                HAL_DMA_Abort
 .text.HAL_DMA_Abort_IT
                0x08008948       0x26 build/stm32f4xx_hal_dma.o
                0x08008948                HAL_DMA_Abort_IT
 .text.I2C_IsAcknowledgeFailed
                0x0800896e       0x32 build/stm32f4xx_hal_i2c.o
 .text.I2C_WaitOnFlagUntilTimeout
                0x080089a0       0xaa build/stm32f4xx_hal_i2c.o
 .text.I2C_WaitOnMasterAddressFlagUntilTimeout
                0x08008a4a       0xd6 build/stm32f4xx_hal_i2c.o
 .text.I2C_WaitOnTXEFlagUntilTimeout
                0x08008b20       0x5e build/stm32f4xx_hal_i2c.o
 *fill*         0x08008b7e        0x2 
 .text.I2C_RequestMemoryWrite
                0x08008b80       0xd8 build/stm32f4xx_hal_i2c.o
 .text.I2C_RequestMemoryRead
                0x08008c58      0x154 build/stm32f4xx_hal_i2c.o
 .text.I2C_WaitOnBTFFlagUntilTimeout
                0x08008dac       0x5e build/stm32f4xx_hal_i2c.o
 .text.I2C_WaitOnRXNEFlagUntilTimeout
                0x08008e0a       0x78 build/stm32f4xx_hal_i2c.o
 .text.HAL_I2C_MspInit
                0x08008e82        0x2 build/stm32f4xx_hal_i2c.o
                0x08008e82                HAL_I2C_MspInit
 .text.HAL_I2C_Init
                0x08008e84      0x294 build/stm32f4xx_hal_i2c.o
                0x08008e84                HAL_I2C_Init
 .text.HAL_I2C_Mem_Write
                0x08009118      0x17c build/stm32f4xx_hal_i2c.o
                0x08009118                HAL_I2C_Mem_Write
 .text.HAL_I2C_Mem_Read
                0x08009294      0x310 build/stm32f4xx_hal_i2c.o
                0x08009294                HAL_I2C_Mem_Read
 .text.UART_EndRxTransfer
                0x080095a4       0x5c build/stm32f4xx_hal_uart.o
 .text.UART_Transmit_IT
                0x08009600       0x60 build/stm32f4xx_hal_uart.o
 .text.UART_SetConfig
                0x08009660      0x174 build/stm32f4xx_hal_uart.o
 .text.UART_WaitOnFlagUntilTimeout
                0x080097d4       0x86 build/stm32f4xx_hal_uart.o
 .text.HAL_UART_MspInit
                0x0800985a        0x2 build/stm32f4xx_hal_uart.o
                0x0800985a                HAL_UART_MspInit
 .text.HAL_UART_Init
                0x0800985c      0x12c build/stm32f4xx_hal_uart.o
                0x0800985c                HAL_UART_Init
 .text.HAL_UART_Transmit
                0x08009988       0xcc build/stm32f4xx_hal_uart.o
                0x08009988                HAL_UART_Transmit
 .text.HAL_UART_TxCpltCallback
                0x08009a54        0x2 build/stm32f4xx_hal_uart.o
                0x08009a54                HAL_UART_TxCpltCallback
 .text.UART_EndTransmit_IT
                0x08009a56       0x1a build/stm32f4xx_hal_uart.o
 .text.HAL_UART_ErrorCallback
                0x08009a70        0x2 build/stm32f4xx_hal_uart.o
                0x08009a70                HAL_UART_ErrorCallback
 .text.UART_DMAAbortOnError
                0x08009a72        0xe build/stm32f4xx_hal_uart.o
 .text.HAL_UARTEx_RxEventCallback
                0x08009a80        0x2 build/stm32f4xx_hal_uart.o
                0x08009a80                HAL_UARTEx_RxEventCallback
 .text.UART_Receive_IT
                0x08009a82       0xe6 build/stm32f4xx_hal_uart.o
 .text.HAL_UART_IRQHandler
                0x08009b68      0x2a0 build/stm32f4xx_hal_uart.o
                0x08009b68                HAL_UART_IRQHandler
 .text.UART_Start_Receive_IT
                0x08009e08       0x36 build/stm32f4xx_hal_uart.o
                0x08009e08                UART_Start_Receive_IT
 .text.HAL_UART_Receive_IT
                0x08009e3e       0x26 build/stm32f4xx_hal_uart.o
                0x08009e3e                HAL_UART_Receive_IT
 .text.TIM_OC1_SetConfig
                0x08009e64       0xb8 build/stm32f4xx_hal_tim.o
 .text.TIM_OC3_SetConfig
                0x08009f1c       0xc0 build/stm32f4xx_hal_tim.o
 .text.TIM_OC4_SetConfig
                0x08009fdc       0x74 build/stm32f4xx_hal_tim.o
 .text.HAL_TIM_Base_MspInit
                0x0800a050        0x2 build/stm32f4xx_hal_tim.o
                0x0800a050                HAL_TIM_Base_MspInit
 *fill*         0x0800a052        0x2 
 .text.HAL_TIM_Base_Start_IT
                0x0800a054      0x108 build/stm32f4xx_hal_tim.o
                0x0800a054                HAL_TIM_Base_Start_IT
 .text.HAL_TIM_PWM_MspInit
                0x0800a15c        0x2 build/stm32f4xx_hal_tim.o
                0x0800a15c                HAL_TIM_PWM_MspInit
 .text.HAL_TIM_OC_DelayElapsedCallback
                0x0800a15e        0x2 build/stm32f4xx_hal_tim.o
                0x0800a15e                HAL_TIM_OC_DelayElapsedCallback
 .text.HAL_TIM_IC_CaptureCallback
                0x0800a160        0x2 build/stm32f4xx_hal_tim.o
                0x0800a160                HAL_TIM_IC_CaptureCallback
 .text.HAL_TIM_PWM_PulseFinishedCallback
                0x0800a162        0x2 build/stm32f4xx_hal_tim.o
                0x0800a162                HAL_TIM_PWM_PulseFinishedCallback
 .text.HAL_TIM_TriggerCallback
                0x0800a164        0x2 build/stm32f4xx_hal_tim.o
                0x0800a164                HAL_TIM_TriggerCallback
 .text.HAL_TIM_IRQHandler
                0x0800a166      0x15e build/stm32f4xx_hal_tim.o
                0x0800a166                HAL_TIM_IRQHandler
 .text.TIM_Base_SetConfig
                0x0800a2c4       0xd0 build/stm32f4xx_hal_tim.o
                0x0800a2c4                TIM_Base_SetConfig
 .text.HAL_TIM_Base_Init
                0x0800a394      0x168 build/stm32f4xx_hal_tim.o
                0x0800a394                HAL_TIM_Base_Init
 .text.HAL_TIM_PWM_Init
                0x0800a4fc      0x168 build/stm32f4xx_hal_tim.o
                0x0800a4fc                HAL_TIM_PWM_Init
 .text.TIM_OC2_SetConfig
                0x0800a664       0xc4 build/stm32f4xx_hal_tim.o
                0x0800a664                TIM_OC2_SetConfig
 .text.HAL_TIM_PWM_ConfigChannel
                0x0800a728      0x27c build/stm32f4xx_hal_tim.o
                0x0800a728                HAL_TIM_PWM_ConfigChannel
 .text.TIM_CCxChannelCmd
                0x0800a9a4       0xb0 build/stm32f4xx_hal_tim.o
                0x0800a9a4                TIM_CCxChannelCmd
 .text.HAL_TIM_PWM_Start
                0x0800aa54      0x200 build/stm32f4xx_hal_tim.o
                0x0800aa54                HAL_TIM_PWM_Start
 .text.HAL_TIMEx_CommutCallback
                0x0800ac54        0x2 build/stm32f4xx_hal_tim_ex.o
                0x0800ac54                HAL_TIMEx_CommutCallback
 .text.HAL_TIMEx_BreakCallback
                0x0800ac56        0x2 build/stm32f4xx_hal_tim_ex.o
                0x0800ac56                HAL_TIMEx_BreakCallback
 .text.motor_write_raw
                0x0800ac58       0x40 build/motor.o
 .text.Motor_SetUs
                0x0800ac98       0x3c build/motor.o
                0x0800ac98                Motor_SetUs
 .text.Motor_SetPercent
                0x0800acd4       0x74 build/motor.o
                0x0800acd4                Motor_SetPercent
 .text.Motor_SetAllUs
                0x0800ad48       0x1a build/motor.o
                0x0800ad48                Motor_SetAllUs
 *fill*         0x0800ad62        0x2 
 .text.Motor_Init
                0x0800ad64      0x10c build/motor.o
                0x0800ad64                Motor_Init
 .text.Motor_SetAllPercent
                0x0800ae70       0x26 build/motor.o
                0x0800ae70                Motor_SetAllPercent
 *fill*         0x0800ae96        0x2 
 .text.Motor_Arm
                0x0800ae98        0xc build/motor.o
                0x0800ae98                Motor_Arm
 .text.Motor_Disarm
                0x0800aea4       0x24 build/motor.o
                0x0800aea4                Motor_Disarm
 .text.Motor_IsArmed
                0x0800aec8        0xc build/motor.o
                0x0800aec8                Motor_IsArmed
 .text.Motor_UpdateRateHz
                0x0800aed4        0x6 build/motor.o
                0x0800aed4                Motor_UpdateRateHz
 *fill*         0x0800aeda        0x2 
 .text.Command_Init
                0x0800aedc       0x2c build/command.o
                0x0800aedc                Command_Init
 .text.Command_StreamOn
                0x0800af08        0xc build/command.o
                0x0800af08                Command_StreamOn
 .text.Command_RxByte
                0x0800af14       0x58 build/command.o
                0x0800af14                Command_RxByte
 .text.Command_Process
                0x0800af6c      0x43c build/command.o
                0x0800af6c                Command_Process
 .text.HAL_UART_RxCpltCallback
                0x0800b3a8       0x18 build/command.o
                0x0800b3a8                HAL_UART_RxCpltCallback
 .text.PID_Reset
                0x0800b3c0        0xa build/pid.o
                0x0800b3c0                PID_Reset
 .text.PID_Init
                0x0800b3ca       0x20 build/pid.o
                0x0800b3ca                PID_Init
 .text.PID_Update
                0x0800b3ea       0xbc build/pid.o
                0x0800b3ea                PID_Update
 *fill*         0x0800b4a6        0x2 
 .text.Control_Init
                0x0800b4a8      0x10c build/control.o
                0x0800b4a8                Control_Init
 .text.Control_Reset
                0x0800b5b4       0x38 build/control.o
                0x0800b5b4                Control_Reset
 .text.Control_SetMode
                0x0800b5ec       0x1c build/control.o
                0x0800b5ec                Control_SetMode
 .text.Control_Update
                0x0800b608      0x138 build/control.o
                0x0800b608                Control_Update
 .text.Control_SetGain
                0x0800b740       0x68 build/control.o
                0x0800b740                Control_SetGain
 .text.Control_PrintGains
                0x0800b7a8      0x160 build/control.o
                0x0800b7a8                Control_PrintGains
 .text.Mixer_Update
                0x0800b908      0x19c build/mixer.o
                0x0800b908                Mixer_Update
 .text.Mixer_GetOutputs
                0x0800baa4       0x24 build/mixer.o
                0x0800baa4                Mixer_GetOutputs
 .text.Reset_Handler
                0x0800bac8       0x50 build/startup_stm32f405xx.o
                0x0800bac8                Reset_Handler
 .text.Default_Handler
                0x0800bb18        0x2 build/startup_stm32f405xx.o
                0x0800bb18                RTC_Alarm_IRQHandler
                0x0800bb18                HASH_RNG_IRQHandler
                0x0800bb18                EXTI2_IRQHandler
                0x0800bb18                TIM8_CC_IRQHandler
                0x0800bb18                TIM1_CC_IRQHandler
                0x0800bb18                DMA2_Stream5_IRQHandler
                0x0800bb18                DMA1_Stream5_IRQHandler
                0x0800bb18                PVD_IRQHandler
                0x0800bb18                SDIO_IRQHandler
                0x0800bb18                TAMP_STAMP_IRQHandler
                0x0800bb18                CAN2_RX1_IRQHandler
                0x0800bb18                EXTI3_IRQHandler
                0x0800bb18                TIM8_TRG_COM_TIM14_IRQHandler
                0x0800bb18                TIM1_UP_TIM10_IRQHandler
                0x0800bb18                TIM8_UP_TIM13_IRQHandler
                0x0800bb18                I2C3_ER_IRQHandler
                0x0800bb18                EXTI0_IRQHandler
                0x0800bb18                I2C2_EV_IRQHandler
                0x0800bb18                DMA1_Stream2_IRQHandler
                0x0800bb18                CAN1_RX0_IRQHandler
                0x0800bb18                FPU_IRQHandler
                0x0800bb18                OTG_HS_WKUP_IRQHandler
                0x0800bb18                CAN2_SCE_IRQHandler
                0x0800bb18                DMA2_Stream2_IRQHandler
                0x0800bb18                SPI1_IRQHandler
                0x0800bb18                TIM6_DAC_IRQHandler
                0x0800bb18                TIM1_BRK_TIM9_IRQHandler
                0x0800bb18                CAN2_RX0_IRQHandler
                0x0800bb18                DMA2_Stream3_IRQHandler
                0x0800bb18                USART6_IRQHandler
                0x0800bb18                USART3_IRQHandler
                0x0800bb18                CAN1_RX1_IRQHandler
                0x0800bb18                UART5_IRQHandler
                0x0800bb18                DMA2_Stream0_IRQHandler
                0x0800bb18                TIM4_IRQHandler
                0x0800bb18                I2C1_EV_IRQHandler
                0x0800bb18                DMA1_Stream6_IRQHandler
                0x0800bb18                DMA1_Stream1_IRQHandler
                0x0800bb18                UART4_IRQHandler
                0x0800bb18                TIM3_IRQHandler
                0x0800bb18                RCC_IRQHandler
                0x0800bb18                TIM8_BRK_TIM12_IRQHandler
                0x0800bb18                Default_Handler
                0x0800bb18                EXTI15_10_IRQHandler
                0x0800bb18                ADC_IRQHandler
                0x0800bb18                DMA1_Stream7_IRQHandler
                0x0800bb18                TIM7_IRQHandler
                0x0800bb18                CAN2_TX_IRQHandler
                0x0800bb18                TIM5_IRQHandler
                0x0800bb18                DMA2_Stream7_IRQHandler
                0x0800bb18                I2C3_EV_IRQHandler
                0x0800bb18                EXTI9_5_IRQHandler
                0x0800bb18                RTC_WKUP_IRQHandler
                0x0800bb18                SPI2_IRQHandler
                0x0800bb18                OTG_HS_EP1_IN_IRQHandler
                0x0800bb18                DMA1_Stream0_IRQHandler
                0x0800bb18                CAN1_TX_IRQHandler
                0x0800bb18                EXTI4_IRQHandler
                0x0800bb18                FSMC_IRQHandler
                0x0800bb18                OTG_HS_EP1_OUT_IRQHandler
                0x0800bb18                WWDG_IRQHandler
                0x0800bb18                OTG_FS_WKUP_IRQHandler
                0x0800bb18                TIM1_TRG_COM_TIM11_IRQHandler
                0x0800bb18                OTG_HS_IRQHandler
                0x0800bb18                EXTI1_IRQHandler
                0x0800bb18                I2C2_ER_IRQHandler
                0x0800bb18                DMA2_Stream1_IRQHandler
                0x0800bb18                CAN1_SCE_IRQHandler
                0x0800bb18                FLASH_IRQHandler
                0x0800bb18                DMA2_Stream4_IRQHandler
                0x0800bb18                USART1_IRQHandler
                0x0800bb18                OTG_FS_IRQHandler
                0x0800bb18                SPI3_IRQHandler
                0x0800bb18                DMA1_Stream4_IRQHandler
                0x0800bb18                I2C1_ER_IRQHandler
                0x0800bb18                DMA2_Stream6_IRQHandler
                0x0800bb18                DMA1_Stream3_IRQHandler
 *(.glue_7)
 .glue_7        0x0800bb1a        0x0 linker stubs
 *(.glue_7t)
 .glue_7t       0x0800bb1a        0x0 linker stubs
 *(.eh_frame)
 *fill*         0x0800bb1a        0x2 
 .eh_frame      0x0800bb1c        0x0 /usr/lib/gcc/arm-none-eabi/13.2.1/thumb/v7e-m+fp/hard/crtbegin.o
 *(.init)
 .init          0x0800bb1c        0x4 /usr/lib/gcc/arm-none-eabi/13.2.1/thumb/v7e-m+fp/hard/crti.o
                0x0800bb1c                _init
 .init          0x0800bb20        0x8 /usr/lib/gcc/arm-none-eabi/13.2.1/thumb/v7e-m+fp/hard/crtn.o
 *(.fini)
 .fini          0x0800bb28        0x4 /usr/lib/gcc/arm-none-eabi/13.2.1/thumb/v7e-m+fp/hard/crti.o
                0x0800bb28                _fini
 .fini          0x0800bb2c        0x8 /usr/lib/gcc/arm-none-eabi/13.2.1/thumb/v7e-m+fp/hard/crtn.o
                0x0800bb34                        . = ALIGN (0x4)
                0x0800bb34                        _etext = .

.vfp11_veneer   0x0800bb34        0x0
 .vfp11_veneer  0x0800bb34        0x0 linker stubs

.v4_bx          0x0800bb34        0x0
 .v4_bx         0x0800bb34        0x0 linker stubs

.iplt           0x0800bb34        0x0
 .iplt          0x0800bb34        0x0 /usr/lib/gcc/arm-none-eabi/13.2.1/thumb/v7e-m+fp/hard/crtbegin.o

.rodata         0x0800bb38      0xd7c
                0x0800bb38                        . = ALIGN (0x4)
 *(.rodata)
 .rodata        0x0800bb38       0x50 /usr/lib/gcc/arm-none-eabi/13.2.1/../../../arm-none-eabi/lib/thumb/v7e-m+fp/hard/libc_nano.a(libc_a-strtod.o)
 .rodata        0x0800bb88      0x100 /usr/lib/gcc/arm-none-eabi/13.2.1/../../../arm-none-eabi/lib/thumb/v7e-m+fp/hard/libc_nano.a(libc_a-gdtoa-gethex.o)
                0x0800bb88                __hexdig
 .rodata        0x0800bc88      0x101 /usr/lib/gcc/arm-none-eabi/13.2.1/../../../arm-none-eabi/lib/thumb/v7e-m+fp/hard/libc_nano.a(libc_a-ctype_.o)
                0x0800bc88                _ctype_
 *fill*         0x0800bd89        0x7 
 .rodata        0x0800bd90      0x128 /usr/lib/gcc/arm-none-eabi/13.2.1/../../../arm-none-eabi/lib/thumb/v7e-m+fp/hard/libc_nano.a(libc_a-mprec.o)
                0x0800bda0                __mprec_tens
                0x0800be68                __mprec_tinytens
                0x0800be90                __mprec_bigtens
 .rodata        0x0800beb8       0x18 /usr/lib/gcc/arm-none-eabi/13.2.1/../../../arm-none-eabi/lib/thumb/v7e-m+fp/hard/libm.a(libm_a-ef_atan2.o)
 .rodata        0x0800bed0       0x20 /usr/lib/gcc/arm-none-eabi/13.2.1/../../../arm-none-eabi/lib/thumb/v7e-m+fp/hard/libm.a(libm_a-sf_atan.o)
 *(.rodata*)
 .rodata.main.str1.4
                0x0800bef0      0x999 build/main.o
                                0x27b (size before relaxing)
 *fill*         0x0800c889        0x3 
 .rodata.APBPrescTable
                0x0800c88c        0x8 build/system_stm32f4xx.o
                0x0800c88c                APBPrescTable
 .rodata.AHBPrescTable
                0x0800c894       0x10 build/system_stm32f4xx.o
                0x0800c894                AHBPrescTable
 .rodata.HAL_NVIC_SetPriorityGrouping.str1.4
                0x0800c8a4       0x48 build/stm32f4xx_hal_cortex.o
 .rodata.HAL_RCC_OscConfig.str1.4
                0x0800c8a4       0x45 build/stm32f4xx_hal_rcc.o
 .rodata.HAL_GPIO_Init.str1.4
                0x0800c8a4       0x46 build/stm32f4xx_hal_gpio.o
 .rodata.HAL_I2C_Init.str1.4
                0x0800c8a4       0x45 build/stm32f4xx_hal_i2c.o
 .rodata.UART_SetConfig.str1.4
                0x0800c8a4       0x46 build/stm32f4xx_hal_uart.o
 .rodata.TIM_OC1_SetConfig.str1.4
                0x0800c8a4       0x45 build/stm32f4xx_hal_tim.o
 .rodata.motor_ch
                0x0800c8a4       0x10 build/motor.o
 .rodata.Command_Process.str1.4
                0x0800c8b4      0x34d build/command.o
 .rodata.Control_PrintGains.str1.4
                0x0800c8b4       0xb3 build/control.o
 .rodata.str1.4
                0x0800c8b4       0x15 /usr/lib/gcc/arm-none-eabi/13.2.1/../../../arm-none-eabi/lib/thumb/v7e-m+fp/hard/libc_nano.a(libc_a-strtod.o)
 .rodata.str1.4
                0x0800c8b4       0x4c /usr/lib/gcc/arm-none-eabi/13.2.1/../../../arm-none-eabi/lib/thumb/v7e-m+fp/hard/libc_nano.a(libc_a-gdtoa-gethex.o)
 .rodata.str1.4
                0x0800c8b4       0x12 /usr/lib/gcc/arm-none-eabi/13.2.1/../../../arm-none-eabi/lib/thumb/v7e-m+fp/hard/libc_nano.a(libc_a-nano-vfprintf_float.o)
 .rodata.str1.4
                0x0800c8b4       0x12 /usr/lib/gcc/arm-none-eabi/13.2.1/../../../arm-none-eabi/lib/thumb/v7e-m+fp/hard/libc_nano.a(libc_a-locale.o)
 .rodata.str1.4
                0x0800c8b4       0x69 /usr/lib/gcc/arm-none-eabi/13.2.1/../../../arm-none-eabi/lib/thumb/v7e-m+fp/hard/libc_nano.a(libc_a-dtoa.o)
 .rodata.str1.4
                0x0800c8b4       0x25 /usr/lib/gcc/arm-none-eabi/13.2.1/../../../arm-none-eabi/lib/thumb/v7e-m+fp/hard/libc_nano.a(libc_a-nano-vfprintf_i.o)
 .rodata.str1.4
                0x0800c8b4       0x13 /usr/lib/gcc/arm-none-eabi/13.2.1/../../../arm-none-eabi/lib/thumb/v7e-m+fp/hard/libc_nano.a(libc_a-nano-vfprintf.o)
 .rodata.str1.4
                0x0800c8b4       0x43 /usr/lib/gcc/arm-none-eabi/13.2.1/../../../arm-none-eabi/lib/thumb/v7e-m+fp/hard/libc_nano.a(libc_a-assert.o)
 .rodata.str1.4
                0x0800c8b4       0x59 /usr/lib/gcc/arm-none-eabi/13.2.1/../../../arm-none-eabi/lib/thumb/v7e-m+fp/hard/libc_nano.a(libc_a-mprec.o)
                0x0800cc04                        . = ALIGN (0x4)

.ARM.extab
 *(.ARM.extab* .gnu.linkonce.armextab.*)

.ARM            0x0800c8b4        0x8
                0x0800c8b4                        __exidx_start = .
 *(.ARM.exidx*)
 .ARM.exidx     0x0800c8b4        0x8 /usr/lib/gcc/arm-none-eabi/13.2.1/../../../arm-none-eabi/lib/thumb/v7e-m+fp/hard/libc_nano.a(libc_a-memcpy.o)
 .ARM.exidx     0x0800c8bc        0x0 /usr/lib/gcc/arm-none-eabi/13.2.1/../../../arm-none-eabi/lib/thumb/v7e-m+fp/hard/libc_nano.a(libc_a-strcmp.o)
                                  0x8 (size before relaxing)
 .ARM.exidx     0x0800c8bc        0x0 /usr/lib/gcc/arm-none-eabi/13.2.1/../../../arm-none-eabi/lib/thumb/v7e-m+fp/hard/libc_nano.a(libc_a-strlen.o)
                                  0x8 (size before relaxing)
 .ARM.exidx     0x0800c8bc        0x0 /usr/lib/gcc/arm-none-eabi/13.2.1/../../../arm-none-eabi/lib/thumb/v7e-m+fp/hard/libc_nano.a(libc_a-memchr.o)
                                  0x8 (size before relaxing)
 .ARM.exidx     0x0800c8bc        0x0 /usr/lib/gcc/arm-none-eabi/13.2.1/thumb/v7e-m+fp/hard/libgcc.a(_udivmoddi4.o)
                                  0x8 (size before relaxing)
                0x0800c8bc                        __exidx_end = .

.rel.dyn        0x0800c8bc        0x0
 .rel.iplt      0x0800c8bc        0x0 /usr/lib/gcc/arm-none-eabi/13.2.1/thumb/v7e-m+fp/hard/crtbegin.o

.preinit_array  0x0800c8bc        0x0
                0x0800c8bc                        PROVIDE (__preinit_array_start = .)
 *(.preinit_array*)
                0x0800c8bc                        PROVIDE (__preinit_array_end = .)

.init_array     0x0800c8bc        0x4
                0x0800c8bc                        PROVIDE (__init_array_start = .)
 *(SORT_BY_NAME(.init_array.*))
 *(.init_array*)
 .init_array    0x0800c8bc        0x4 /usr/lib/gcc/arm-none-eabi/13.2.1/thumb/v7e-m+fp/hard/crtbegin.o
                0x0800c8c0                        PROVIDE (__init_array_end = .)

.fini_array     0x0800c8c0        0x4
                0x0800c8c0                        PROVIDE (__fini_array_start = .)
 *(SORT_BY_NAME(.fini_array.*))
 *(.fini_array*)
 .fini_array    0x0800c8c0        0x4 /usr/lib/gcc/arm-none-eabi/13.2.1/thumb/v7e-m+fp/hard/crtbegin.o
                0x0800c8c4                        PROVIDE (__fini_array_end = .)
                0x0800c8c4                        _sidata = LOADADDR (.data)

.data           0x20000000      0x1d8 load address 0x0800c8c4
                0x20000000                        . = ALIGN (0x4)
                0x20000000                        _sdata = .
 *(.data)
 .data          0x20000000       0x50 /usr/lib/gcc/arm-none-eabi/13.2.1/../../../arm-none-eabi/lib/thumb/v7e-m+fp/hard/libc_nano.a(libc_a-impure.o)
                0x20000000                _impure_ptr
                0x20000004                _impure_data
 .data          0x20000050        0xc /usr/lib/gcc/arm-none-eabi/13.2.1/../../../arm-none-eabi/lib/thumb/v7e-m+fp/hard/libc_nano.a(libc_a-findfp.o)
                0x20000050                __sglue
 .data          0x2000005c      0x16c /usr/lib/gcc/arm-none-eabi/13.2.1/../../../arm-none-eabi/lib/thumb/v7e-m+fp/hard/libc_nano.a(libc_a-locale.o)
                0x2000005c                __global_locale
 *(.data*)
 .data.SystemCoreClock
                0x200001c8        0x4 build/system_stm32f4xx.o
                0x200001c8                SystemCoreClock
 .data.uwTickFreq
                0x200001cc        0x1 build/stm32f4xx_hal.o
                0x200001cc                uwTickFreq
 *fill*         0x200001cd        0x3 
 .data.uwTickPrio
                0x200001d0        0x4 build/stm32f4xx_hal.o
                0x200001d0                uwTickPrio
 .data.flight_mode
                0x200001d4        0x1 build/control.o
                0x200001d4                flight_mode
                0x200001d8                        . = ALIGN (0x4)
 *fill*         0x200001d5        0x3 
                0x200001d8                        _edata = .

.tm_clone_table
                0x200001d8        0x0 load address 0x0800ca9c
 .tm_clone_table
                0x200001d8        0x0 /usr/lib/gcc/arm-none-eabi/13.2.1/thumb/v7e-m+fp/hard/crtbegin.o
 .tm_clone_table
                0x200001d8        0x0 /usr/lib/gcc/arm-none-eabi/13.2.1/thumb/v7e-m+fp/hard/crtend.o

.igot.plt       0x200001d8        0x0 load address 0x0800ca9c
 .igot.plt      0x200001d8        0x0 /usr/lib/gcc/arm-none-eabi/13.2.1/thumb/v7e-m+fp/hard/crtbegin.o
                0x200001d8                        . = ALIGN (0x4)

.bss            0x200001d8      0x3f4 load address 0x0800ca9c
                0x200001d8                        _sbss = .
                0x200001d8                        __bss_start__ = _sbss
 *(.bss)
 .bss           0x200001d8       0x1c /usr/lib/gcc/arm-none-eabi/13.2.1/thumb/v7e-m+fp/hard/crtbegin.o
 .bss           0x200001f4      0x13c /usr/lib/gcc/arm-none-eabi/13.2.1/../../../arm-none-eabi/lib/thumb/v7e-m+fp/hard/libc_nano.a(libc_a-findfp.o)
                0x200001f4                __sf
                0x2000032c                __stdio_exit_handler
 .bss           0x20000330        0x8 /usr/lib/gcc/arm-none-eabi/13.2.1/../../../arm-none-eabi/lib/thumb/v7e-m+fp/hard/libc_nano.a(libc_a-mallocr.o)
                0x20000330                __malloc_sbrk_start
                0x20000334                __malloc_free_list
 .bss           0x20000338        0x4 /usr/lib/gcc/arm-none-eabi/13.2.1/../../../arm-none-eabi/lib/thumb/v7e-m+fp/hard/libc_nano.a(libc_a-reent.o)
                0x20000338                errno
 .bss           0x2000033c        0x4 /usr/lib/gcc/arm-none-eabi/13.2.1/../../../arm-none-eabi/lib/thumb/v7e-m+fp/hard/libnosys.a(sbrk.o)
 *(.bss*)
 .bss.loop_hz   0x20000340        0x4 build/main.o
                0x20000340                loop_hz
 .bss.loop_count
                0x20000344        0x4 build/main.o
                0x20000344                loop_count
 .bss.loop_missed
                0x20000348        0x4 build/main.o
                0x20000348                loop_missed
 .bss.loop_flag
                0x2000034c        0x1 build/main.o
                0x2000034c                loop_flag
 *fill*         0x2000034d        0x3 
 .bss.sensor    0x20000350       0x40 build/main.o
                0x20000350                sensor
 .bss.mpu_ok    0x20000390        0x1 build/main.o
                0x20000390                mpu_ok
 .bss.who       0x20000391        0x1 build/main.o
                0x20000391                who
 *fill*         0x20000392        0x2 
 .bss.htim3     0x20000394       0x48 build/main.o
                0x20000394                htim3
 .bss.htim2     0x200003dc       0x48 build/main.o
                0x200003dc                htim2
 .bss.huart2    0x20000424       0x48 build/main.o
                0x20000424                huart2
 .bss.hi2c1     0x2000046c       0x54 build/main.o
                0x2000046c                hi2c1
 .bss.uwTick    0x200004c0        0x4 build/stm32f4xx_hal.o
                0x200004c0                uwTick
 .bss.armed     0x200004c4        0x1 build/motor.o
 *fill*         0x200004c5        0x3 
 .bss.motor_tim
                0x200004c8        0x4 build/motor.o
 .bss.stream_on
                0x200004cc        0x1 build/command.o
 .bss.line_ready
                0x200004cd        0x1 build/command.o
 .bss.line_len  0x200004ce        0x1 build/command.o
 *fill*         0x200004cf        0x1 
 .bss.line      0x200004d0       0x20 build/command.o
 .bss.rx_char   0x200004f0        0x1 build/command.o
 *fill*         0x200004f1        0x3 
 .bss.cmd_uart  0x200004f4        0x4 build/command.o
 .bss.setpoint  0x200004f8       0x10 build/control.o
                0x200004f8                setpoint
 .bss.pid_angle_pitch
                0x20000508       0x24 build/control.o
                0x20000508                pid_angle_pitch
 .bss.pid_angle_roll
                0x2000052c       0x24 build/control.o
                0x2000052c                pid_angle_roll
 .bss.pid_rate_yaw
                0x20000550       0x24 build/control.o
                0x20000550                pid_rate_yaw
 .bss.pid_rate_pitch
                0x20000574       0x24 build/control.o
                0x20000574                pid_rate_pitch
 .bss.pid_rate_roll
                0x20000598       0x24 build/control.o
                0x20000598                pid_rate_roll
 .bss.out       0x200005bc       0x10 build/mixer.o
 *(COMMON)
                0x200005cc                        . = ALIGN (0x4)
                0x200005cc                        _ebss = .
                0x200005cc                        __bss_end__ = _ebss

._user_heap_stack
                0x200005cc      0x604 load address 0x0800ca9c
                0x200005d0                        . = ALIGN (0x8)
 *fill*         0x200005cc        0x4 
                0x200005d0                        PROVIDE (end = .)
                [!provide]                        PROVIDE (_end = .)
                0x200007d0                        . = (. + _Min_Heap_Size)
 *fill*         0x200005d0      0x200 
                0x20000bd0                        . = (. + _Min_Stack_Size)
 *fill*         0x200007d0      0x400 
                0x20000bd0                        . = ALIGN (0x8)

/DISCARD/
 libc.a(*)
 libm.a(*)
 libgcc.a(*)

.ARM.attributes
                0x00000000       0x30
 *(.ARM.attributes)
 .ARM.attributes
                0x00000000       0x22 /usr/lib/gcc/arm-none-eabi/13.2.1/thumb/v7e-m+fp/hard/crti.o
 .ARM.attributes
                0x00000022       0x34 /usr/lib/gcc/arm-none-eabi/13.2.1/thumb/v7e-m+fp/hard/crtbegin.o
 .ARM.attributes
                0x00000056       0x34 build/main.o
 .ARM.attributes
                0x0000008a       0x34 build/stm32f4xx_it.o
 .ARM.attributes
                0x000000be       0x34 build/system_stm32f4xx.o
 .ARM.attributes
                0x000000f2       0x34 build/mpu6050.o
 .ARM.attributes
                0x00000126       0x34 build/stm32f4xx_hal.o
 .ARM.attributes
                0x0000015a       0x34 build/stm32f4xx_hal_cortex.o
 .ARM.attributes
                0x0000018e       0x34 build/stm32f4xx_hal_rcc.o
 .ARM.attributes
                0x000001c2       0x34 build/stm32f4xx_hal_gpio.o
 .ARM.attributes
                0x000001f6       0x34 build/stm32f4xx_hal_dma.o
 .ARM.attributes
                0x0000022a       0x34 build/stm32f4xx_hal_i2c.o
 .ARM.attributes
                0x0000025e       0x34 build/stm32f4xx_hal_uart.o
 .ARM.attributes
                0x00000292       0x34 build/stm32f4xx_hal_tim.o
 .ARM.attributes
                0x000002c6       0x34 build/stm32f4xx_hal_tim_ex.o
 .ARM.attributes
                0x000002fa       0x34 build/motor.o
 .ARM.attributes
                0x0000032e       0x34 build/command.o
 .ARM.attributes
                0x00000362       0x34 build/pid.o
 .ARM.attributes
                0x00000396       0x34 build/control.o
 .ARM.attributes
                0x000003ca       0x34 build/mixer.o
 .ARM.attributes
                0x000003fe       0x21 build/startup_stm32f405xx.o
 .ARM.attributes
                0x0000041f       0x34 /usr/lib/gcc/arm-none-eabi/13.2.1/../../../arm-none-eabi/lib/thumb/v7e-m+fp/hard/libc_nano.a(libc_a-strtod.o)
 .ARM.attributes
                0x00000453       0x34 /usr/lib/gcc/arm-none-eabi/13.2.1/../../../arm-none-eabi/lib/thumb/v7e-m+fp/hard/libc_nano.a(libc_a-impure.o)
 .ARM.attributes
                0x00000487       0x34 /usr/lib/gcc/arm-none-eabi/13.2.1/../../../arm-none-eabi/lib/thumb/v7e-m+fp/hard/libc_nano.a(libc_a-gdtoa-gethex.o)
 .ARM.attributes
                0x000004bb       0x34 /usr/lib/gcc/arm-none-eabi/13.2.1/../../../arm-none-eabi/lib/thumb/v7e-m+fp/hard/libc_nano.a(libc_a-init.o)
 .ARM.attributes
                0x000004ef       0x34 /usr/lib/gcc/arm-none-eabi/13.2.1/../../../arm-none-eabi/lib/thumb/v7e-m+fp/hard/libc_nano.a(libc_a-puts.o)
 .ARM.attributes
                0x00000523       0x34 /usr/lib/gcc/arm-none-eabi/13.2.1/../../../arm-none-eabi/lib/thumb/v7e-m+fp/hard/libc_nano.a(libc_a-findfp.o)
 .ARM.attributes
                0x00000557       0x34 /usr/lib/gcc/arm-none-eabi/13.2.1/../../../arm-none-eabi/lib/thumb/v7e-m+fp/hard/libc_nano.a(libc_a-memset.o)
 .ARM.attributes
                0x0000058b       0x34 /usr/lib/gcc/arm-none-eabi/13.2.1/../../../arm-none-eabi/lib/thumb/v7e-m+fp/hard/libc_nano.a(libc_a-fflush.o)
 .ARM.attributes
                0x000005bf       0x34 /usr/lib/gcc/arm-none-eabi/13.2.1/../../../arm-none-eabi/lib/thumb/v7e-m+fp/hard/libc_nano.a(libc_a-errno.o)
 .ARM.attributes
                0x000005f3       0x34 /usr/lib/gcc/arm-none-eabi/13.2.1/../../../arm-none-eabi/lib/thumb/v7e-m+fp/hard/libc_nano.a(libc_a-nano-vfprintf_float.o)
 .ARM.attributes
                0x00000627       0x34 /usr/lib/gcc/arm-none-eabi/13.2.1/../../../arm-none-eabi/lib/thumb/v7e-m+fp/hard/libc_nano.a(libc_a-locale.o)
 .ARM.attributes
                0x0000065b       0x34 /usr/lib/gcc/arm-none-eabi/13.2.1/../../../arm-none-eabi/lib/thumb/v7e-m+fp/hard/libc_nano.a(libc_a-mallocr.o)
 .ARM.attributes
                0x0000068f       0x34 /usr/lib/gcc/arm-none-eabi/13.2.1/../../../arm-none-eabi/lib/thumb/v7e-m+fp/hard/libc_nano.a(libc_a-dtoa.o)
 .ARM.attributes
                0x000006c3       0x34 /usr/lib/gcc/arm-none-eabi/13.2.1/../../../arm-none-eabi/lib/thumb/v7e-m+fp/hard/libc_nano.a(libc_a-freer.o)
 .ARM.attributes
                0x000006f7       0x34 /usr/lib/gcc/arm-none-eabi/13.2.1/../../../arm-none-eabi/lib/thumb/v7e-m+fp/hard/libc_nano.a(libc_a-strtol.o)
 .ARM.attributes
                0x0000072b       0x34 /usr/lib/gcc/arm-none-eabi/13.2.1/../../../arm-none-eabi/lib/thumb/v7e-m+fp/hard/libc_nano.a(libc_a-fwalk.o)
 .ARM.attributes
                0x0000075f       0x34 /usr/lib/gcc/arm-none-eabi/13.2.1/../../../arm-none-eabi/lib/thumb/v7e-m+fp/hard/libc_nano.a(libc_a-wctomb_r.o)
 .ARM.attributes
                0x00000793       0x34 /usr/lib/gcc/arm-none-eabi/13.2.1/../../../arm-none-eabi/lib/thumb/v7e-m+fp/hard/libc_nano.a(libc_a-wsetup.o)
 .ARM.attributes
                0x000007c7       0x20 /usr/lib/gcc/arm-none-eabi/13.2.1/../../../arm-none-eabi/lib/thumb/v7e-m+fp/hard/libc_nano.a(libc_a-memcpy.o)
 .ARM.attributes
                0x000007e7       0x34 /usr/lib/gcc/arm-none-eabi/13.2.1/../../../arm-none-eabi/lib/thumb/v7e-m+fp/hard/libc_nano.a(libc_a-malloc.o)
 .ARM.attributes
                0x0000081b       0x34 /usr/lib/gcc/arm-none-eabi/13.2.1/../../../arm-none-eabi/lib/thumb/v7e-m+fp/hard/libc_nano.a(libc_a-nano-vfprintf_i.o)
 .ARM.attributes
                0x0000084f       0x34 /usr/lib/gcc/arm-none-eabi/13.2.1/../../../arm-none-eabi/lib/thumb/v7e-m+fp/hard/libc_nano.a(libc_a-mlock.o)
 .ARM.attributes
                0x00000883       0x34 /usr/lib/gcc/arm-none-eabi/13.2.1/../../../arm-none-eabi/lib/thumb/v7e-m+fp/hard/libc_nano.a(libc_a-strncmp.o)
 .ARM.attributes
                0x000008b7       0x34 /usr/lib/gcc/arm-none-eabi/13.2.1/../../../arm-none-eabi/lib/thumb/v7e-m+fp/hard/libc_nano.a(libc_a-makebuf.o)
 .ARM.attributes
                0x000008eb       0x20 /usr/lib/gcc/arm-none-eabi/13.2.1/../../../arm-none-eabi/lib/thumb/v7e-m+fp/hard/libc_nano.a(libc_a-strcmp.o)
 .ARM.attributes
                0x0000090b       0x34 /usr/lib/gcc/arm-none-eabi/13.2.1/../../../arm-none-eabi/lib/thumb/v7e-m+fp/hard/libc_nano.a(libc_a-ctype_.o)
 .ARM.attributes
                0x0000093f       0x34 /usr/lib/gcc/arm-none-eabi/13.2.1/../../../arm-none-eabi/lib/thumb/v7e-m+fp/hard/libc_nano.a(libc_a-gdtoa-hexnan.o)
 .ARM.attributes
                0x00000973       0x34 /usr/lib/gcc/arm-none-eabi/13.2.1/../../../arm-none-eabi/lib/thumb/v7e-m+fp/hard/libc_nano.a(libc_a-printf.o)
 .ARM.attributes
                0x000009a7       0x34 /usr/lib/gcc/arm-none-eabi/13.2.1/../../../arm-none-eabi/lib/thumb/v7e-m+fp/hard/libc_nano.a(libc_a-isattyr.o)
 .ARM.attributes
                0x000009db       0x34 /usr/lib/gcc/arm-none-eabi/13.2.1/../../../arm-none-eabi/lib/thumb/v7e-m+fp/hard/libc_nano.a(libc_a-nano-vfprintf.o)
 .ARM.attributes
                0x00000a0f       0x34 /usr/lib/gcc/arm-none-eabi/13.2.1/../../../arm-none-eabi/lib/thumb/v7e-m+fp/hard/libc_nano.a(libc_a-wbuf.o)
 .ARM.attributes
                0x00000a43       0x34 /usr/lib/gcc/arm-none-eabi/13.2.1/../../../arm-none-eabi/lib/thumb/v7e-m+fp/hard/libc_nano.a(libm_a-s_nan.o)
 .ARM.attributes
                0x00000a77       0x34 /usr/lib/gcc/arm-none-eabi/13.2.1/../../../arm-none-eabi/lib/thumb/v7e-m+fp/hard/libc_nano.a(libm_a-sf_nan.o)
 .ARM.attributes
                0x00000aab       0x34 /usr/lib/gcc/arm-none-eabi/13.2.1/../../../arm-none-eabi/lib/thumb/v7e-m+fp/hard/libc_nano.a(libc_a-assert.o)
 .ARM.attributes
                0x00000adf       0x34 /usr/lib/gcc/arm-none-eabi/13.2.1/../../../arm-none-eabi/lib/thumb/v7e-m+fp/hard/libc_nano.a(libc_a-mprec.o)
 .ARM.attributes
                0x00000b13       0x34 /usr/lib/gcc/arm-none-eabi/13.2.1/../../../arm-none-eabi/lib/thumb/v7e-m+fp/hard/libc_nano.a(libc_a-sbrkr.o)
 .ARM.attributes
                0x00000b47       0x34 /usr/lib/gcc/arm-none-eabi/13.2.1/../../../arm-none-eabi/lib/thumb/v7e-m+fp/hard/libc_nano.a(libc_a-stdio.o)
 .ARM.attributes
                0x00000b7b       0x34 /usr/lib/gcc/arm-none-eabi/13.2.1/../../../arm-none-eabi/lib/thumb/v7e-m+fp/hard/libc_nano.a(libc_a-localeconv.o)
 .ARM.attributes
                0x00000baf       0x34 /usr/lib/gcc/arm-none-eabi/13.2.1/../../../arm-none-eabi/lib/thumb/v7e-m+fp/hard/libc_nano.a(libc_a-fvwrite.o)
 .ARM.attributes
                0x00000be3       0x34 /usr/lib/gcc/arm-none-eabi/13.2.1/../../../arm-none-eabi/lib/thumb/v7e-m+fp/hard/libc_nano.a(libc_a-mbtowc_r.o)
 .ARM.attributes
                0x00000c17       0x34 /usr/lib/gcc/arm-none-eabi/13.2.1/../../../arm-none-eabi/lib/thumb/v7e-m+fp/hard/libc_nano.a(libc_a-abort.o)
 .ARM.attributes
                0x00000c4b       0x34 /usr/lib/gcc/arm-none-eabi/13.2.1/../../../arm-none-eabi/lib/thumb/v7e-m+fp/hard/libc_nano.a(libc_a-closer.o)
 .ARM.attributes
                0x00000c7f       0x1c /usr/lib/gcc/arm-none-eabi/13.2.1/../../../arm-none-eabi/lib/thumb/v7e-m+fp/hard/libc_nano.a(libc_a-strlen.o)
 .ARM.attributes
                0x00000c9b       0x34 /usr/lib/gcc/arm-none-eabi/13.2.1/../../../arm-none-eabi/lib/thumb/v7e-m+fp/hard/libc_nano.a(libc_a-callocr.o)
 .ARM.attributes
                0x00000ccf       0x34 /usr/lib/gcc/arm-none-eabi/13.2.1/../../../arm-none-eabi/lib/thumb/v7e-m+fp/hard/libc_nano.a(libc_a-memmove.o)
 .ARM.attributes
                0x00000d03       0x1c /usr/lib/gcc/arm-none-eabi/13.2.1/../../../arm-none-eabi/lib/thumb/v7e-m+fp/hard/libc_nano.a(libc_a-memchr.o)
 .ARM.attributes
                0x00000d1f       0x34 /usr/lib/gcc/arm-none-eabi/13.2.1/../../../arm-none-eabi/lib/thumb/v7e-m+fp/hard/libc_nano.a(libc_a-readr.o)
 .ARM.attributes
                0x00000d53       0x34 /usr/lib/gcc/arm-none-eabi/13.2.1/../../../arm-none-eabi/lib/thumb/v7e-m+fp/hard/libc_nano.a(libc_a-fprintf.o)
 .ARM.attributes
                0x00000d87       0x34 /usr/lib/gcc/arm-none-eabi/13.2.1/../../../arm-none-eabi/lib/thumb/v7e-m+fp/hard/libc_nano.a(libc_a-reent.o)
 .ARM.attributes
                0x00000dbb       0x34 /usr/lib/gcc/arm-none-eabi/13.2.1/../../../arm-none-eabi/lib/thumb/v7e-m+fp/hard/libc_nano.a(libc_a-reallocr.o)
 .ARM.attributes
                0x00000def       0x34 /usr/lib/gcc/arm-none-eabi/13.2.1/../../../arm-none-eabi/lib/thumb/v7e-m+fp/hard/libc_nano.a(libc_a-fstatr.o)
 .ARM.attributes
                0x00000e23       0x34 /usr/lib/gcc/arm-none-eabi/13.2.1/../../../arm-none-eabi/lib/thumb/v7e-m+fp/hard/libc_nano.a(libc_a-lseekr.o)
 .ARM.attributes
                0x00000e57       0x34 /usr/lib/gcc/arm-none-eabi/13.2.1/../../../arm-none-eabi/lib/thumb/v7e-m+fp/hard/libc_nano.a(libc_a-writer.o)
 .ARM.attributes
                0x00000e8b       0x34 /usr/lib/gcc/arm-none-eabi/13.2.1/../../../arm-none-eabi/lib/thumb/v7e-m+fp/hard/libc_nano.a(libc_a-msizer.o)
 .ARM.attributes
                0x00000ebf       0x34 /usr/lib/gcc/arm-none-eabi/13.2.1/../../../arm-none-eabi/lib/thumb/v7e-m+fp/hard/libc_nano.a(libc_a-signal.o)
 .ARM.attributes
                0x00000ef3       0x34 /usr/lib/gcc/arm-none-eabi/13.2.1/../../../arm-none-eabi/lib/thumb/v7e-m+fp/hard/libc_nano.a(libc_a-signalr.o)
 .ARM.attributes
                0x00000f27       0x34 /usr/lib/gcc/arm-none-eabi/13.2.1/../../../arm-none-eabi/lib/thumb/v7e-m+fp/hard/libm.a(libm_a-wf_sqrt.o)
 .ARM.attributes
                0x00000f5b       0x34 /usr/lib/gcc/arm-none-eabi/13.2.1/../../../arm-none-eabi/lib/thumb/v7e-m+fp/hard/libm.a(libm_a-wf_atan2.o)
 .ARM.attributes
                0x00000f8f       0x34 /usr/lib/gcc/arm-none-eabi/13.2.1/../../../arm-none-eabi/lib/thumb/v7e-m+fp/hard/libm.a(libm_a-ef_atan2.o)
 .ARM.attributes
                0x00000fc3       0x34 /usr/lib/gcc/arm-none-eabi/13.2.1/../../../arm-none-eabi/lib/thumb/v7e-m+fp/hard/libm.a(libm_a-sf_atan.o)
 .ARM.attributes
                0x00000ff7       0x34 /usr/lib/gcc/arm-none-eabi/13.2.1/../../../arm-none-eabi/lib/thumb/v7e-m+fp/hard/libm.a(libm_a-sf_fabs.o)
 .ARM.attributes
                0x0000102b       0x34 /usr/lib/gcc/arm-none-eabi/13.2.1/../../../arm-none-eabi/lib/thumb/v7e-m+fp/hard/libm.a(libm_a-ef_sqrt.o)
 .ARM.attributes
                0x0000105f       0x34 /usr/lib/gcc/arm-none-eabi/13.2.1/../../../arm-none-eabi/lib/thumb/v7e-m+fp/hard/libnosys.a(close.o)
 .ARM.attributes
                0x00001093       0x34 /usr/lib/gcc/arm-none-eabi/13.2.1/../../../arm-none-eabi/lib/thumb/v7e-m+fp/hard/libnosys.a(fstat.o)
 .ARM.attributes
                0x000010c7       0x34 /usr/lib/gcc/arm-none-eabi/13.2.1/../../../arm-none-eabi/lib/thumb/v7e-m+fp/hard/libnosys.a(getpid.o)
 .ARM.attributes
                0x000010fb       0x34 /usr/lib/gcc/arm-none-eabi/13.2.1/../../../arm-none-eabi/lib/thumb/v7e-m+fp/hard/libnosys.a(isatty.o)
 .ARM.attributes
                0x0000112f       0x34 /usr/lib/gcc/arm-none-eabi/13.2.1/../../../arm-none-eabi/lib/thumb/v7e-m+fp/hard/libnosys.a(kill.o)
 .ARM.attributes
                0x00001163       0x34 /usr/lib/gcc/arm-none-eabi/13.2.1/../../../arm-none-eabi/lib/thumb/v7e-m+fp/hard/libnosys.a(lseek.o)
 .ARM.attributes
                0x00001197       0x34 /usr/lib/gcc/arm-none-eabi/13.2.1/../../../arm-none-eabi/lib/thumb/v7e-m+fp/hard/libnosys.a(read.o)
 .ARM.attributes
                0x000011cb       0x34 /usr/lib/gcc/arm-none-eabi/13.2.1/../../../arm-none-eabi/lib/thumb/v7e-m+fp/hard/libnosys.a(sbrk.o)
 .ARM.attributes
                0x000011ff       0x34 /usr/lib/gcc/arm-none-eabi/13.2.1/../../../arm-none-eabi/lib/thumb/v7e-m+fp/hard/libnosys.a(_exit.o)
 .ARM.attributes
                0x00001233       0x22 /usr/lib/gcc/arm-none-eabi/13.2.1/thumb/v7e-m+fp/hard/libgcc.a(_arm_addsubdf3.o)
 .ARM.attributes
                0x00001255       0x22 /usr/lib/gcc/arm-none-eabi/13.2.1/thumb/v7e-m+fp/hard/libgcc.a(_arm_muldivdf3.o)
 .ARM.attributes
                0x00001277       0x22 /usr/lib/gcc/arm-none-eabi/13.2.1/thumb/v7e-m+fp/hard/libgcc.a(_arm_cmpdf2.o)
 .ARM.attributes
                0x00001299       0x22 /usr/lib/gcc/arm-none-eabi/13.2.1/thumb/v7e-m+fp/hard/libgcc.a(_arm_unorddf2.o)
 .ARM.attributes
                0x000012bb       0x22 /usr/lib/gcc/arm-none-eabi/13.2.1/thumb/v7e-m+fp/hard/libgcc.a(_arm_fixdfsi.o)
 .ARM.attributes
                0x000012dd       0x22 /usr/lib/gcc/arm-none-eabi/13.2.1/thumb/v7e-m+fp/hard/libgcc.a(_arm_fixunsdfsi.o)
 .ARM.attributes
                0x000012ff       0x22 /usr/lib/gcc/arm-none-eabi/13.2.1/thumb/v7e-m+fp/hard/libgcc.a(_arm_truncdfsf2.o)
 .ARM.attributes
                0x00001321       0x22 /usr/lib/gcc/arm-none-eabi/13.2.1/thumb/v7e-m+fp/hard/libgcc.a(_aeabi_uldivmod.o)
 .ARM.attributes
                0x00001343       0x34 /usr/lib/gcc/arm-none-eabi/13.2.1/thumb/v7e-m+fp/hard/libgcc.a(_fixdfdi.o)
 .ARM.attributes
                0x00001377       0x34 /usr/lib/gcc/arm-none-eabi/13.2.1/thumb/v7e-m+fp/hard/libgcc.a(_fixunsdfdi.o)
 .ARM.attributes
                0x000013ab       0x34 /usr/lib/gcc/arm-none-eabi/13.2.1/thumb/v7e-m+fp/hard/libgcc.a(_udivmoddi4.o)
 .ARM.attributes
                0x000013df       0x22 /usr/lib/gcc/arm-none-eabi/13.2.1/thumb/v7e-m+fp/hard/libgcc.a(_dvmd_tls.o)
 .ARM.attributes
                0x00001401       0x34 /usr/lib/gcc/arm-none-eabi/13.2.1/thumb/v7e-m+fp/hard/crtend.o
 .ARM.attributes
                0x00001435       0x22 /usr/lib/gcc/arm-none-eabi/13.2.1/thumb/v7e-m+fp/hard/crtn.o
OUTPUT(build/drohne.elf elf32-littlearm)
LOAD linker stubs
LOAD /usr/lib/gcc/arm-none-eabi/13.2.1/../../../arm-none-eabi/lib/thumb/v7e-m+fp/hard/libc.a
LOAD /usr/lib/gcc/arm-none-eabi/13.2.1/../../../arm-none-eabi/lib/thumb/v7e-m+fp/hard/libm.a
LOAD /usr/lib/gcc/arm-none-eabi/13.2.1/thumb/v7e-m+fp/hard/libgcc.a

.comment        0x00000000       0x26
 .comment       0x00000000       0x26 /usr/lib/gcc/arm-none-eabi/13.2.1/thumb/v7e-m+fp/hard/crtbegin.o
                                 0x27 (size before relaxing)
 .comment       0x00000026       0x27 build/main.o
 .comment       0x00000026       0x27 build/stm32f4xx_it.o
 .comment       0x00000026       0x27 build/system_stm32f4xx.o
 .comment       0x00000026       0x27 build/mpu6050.o
 .comment       0x00000026       0x27 build/stm32f4xx_hal.o
 .comment       0x00000026       0x27 build/stm32f4xx_hal_cortex.o
 .comment       0x00000026       0x27 build/stm32f4xx_hal_rcc.o
 .comment       0x00000026       0x27 build/stm32f4xx_hal_gpio.o
 .comment       0x00000026       0x27 build/stm32f4xx_hal_dma.o
 .comment       0x00000026       0x27 build/stm32f4xx_hal_i2c.o
 .comment       0x00000026       0x27 build/stm32f4xx_hal_uart.o
 .comment       0x00000026       0x27 build/stm32f4xx_hal_tim.o
 .comment       0x00000026       0x27 build/stm32f4xx_hal_tim_ex.o
 .comment       0x00000026       0x27 build/motor.o
 .comment       0x00000026       0x27 build/command.o
 .comment       0x00000026       0x27 build/pid.o
 .comment       0x00000026       0x27 build/control.o
 .comment       0x00000026       0x27 build/mixer.o
 .comment       0x00000026       0x27 /usr/lib/gcc/arm-none-eabi/13.2.1/../../../arm-none-eabi/lib/thumb/v7e-m+fp/hard/libc_nano.a(libc_a-strtod.o)
 .comment       0x00000026       0x27 /usr/lib/gcc/arm-none-eabi/13.2.1/../../../arm-none-eabi/lib/thumb/v7e-m+fp/hard/libc_nano.a(libc_a-impure.o)
 .comment       0x00000026       0x27 /usr/lib/gcc/arm-none-eabi/13.2.1/../../../arm-none-eabi/lib/thumb/v7e-m+fp/hard/libc_nano.a(libc_a-gdtoa-gethex.o)
 .comment       0x00000026       0x27 /usr/lib/gcc/arm-none-eabi/13.2.1/../../../arm-none-eabi/lib/thumb/v7e-m+fp/hard/libc_nano.a(libc_a-init.o)
 .comment       0x00000026       0x27 /usr/lib/gcc/arm-none-eabi/13.2.1/../../../arm-none-eabi/lib/thumb/v7e-m+fp/hard/libc_nano.a(libc_a-puts.o)
 .comment       0x00000026       0x27 /usr/lib/gcc/arm-none-eabi/13.2.1/../../../arm-none-eabi/lib/thumb/v7e-m+fp/hard/libc_nano.a(libc_a-findfp.o)
 .comment       0x00000026       0x27 /usr/lib/gcc/arm-none-eabi/13.2.1/../../../arm-none-eabi/lib/thumb/v7e-m+fp/hard/libc_nano.a(libc_a-memset.o)
 .comment       0x00000026       0x27 /usr/lib/gcc/arm-none-eabi/13.2.1/../../../arm-none-eabi/lib/thumb/v7e-m+fp/hard/libc_nano.a(libc_a-fflush.o)
 .comment       0x00000026       0x27 /usr/lib/gcc/arm-none-eabi/13.2.1/../../../arm-none-eabi/lib/thumb/v7e-m+fp/hard/libc_nano.a(libc_a-errno.o)
 .comment       0x00000026       0x27 /usr/lib/gcc/arm-none-eabi/13.2.1/../../../arm-none-eabi/lib/thumb/v7e-m+fp/hard/libc_nano.a(libc_a-nano-vfprintf_float.o)
 .comment       0x00000026       0x27 /usr/lib/gcc/arm-none-eabi/13.2.1/../../../arm-none-eabi/lib/thumb/v7e-m+fp/hard/libc_nano.a(libc_a-locale.o)
 .comment       0x00000026       0x27 /usr/lib/gcc/arm-none-eabi/13.2.1/../../../arm-none-eabi/lib/thumb/v7e-m+fp/hard/libc_nano.a(libc_a-mallocr.o)
 .comment       0x00000026       0x27 /usr/lib/gcc/arm-none-eabi/13.2.1/../../../arm-none-eabi/lib/thumb/v7e-m+fp/hard/libc_nano.a(libc_a-dtoa.o)
 .comment       0x00000026       0x27 /usr/lib/gcc/arm-none-eabi/13.2.1/../../../arm-none-eabi/lib/thumb/v7e-m+fp/hard/libc_nano.a(libc_a-freer.o)
 .comment       0x00000026       0x27 /usr/lib/gcc/arm-none-eabi/13.2.1/../../../arm-none-eabi/lib/thumb/v7e-m+fp/hard/libc_nano.a(libc_a-strtol.o)
 .comment       0x00000026       0x27 /usr/lib/gcc/arm-none-eabi/13.2.1/../../../arm-none-eabi/lib/thumb/v7e-m+fp/hard/libc_nano.a(libc_a-fwalk.o)
 .comment       0x00000026       0x27 /usr/lib/gcc/arm-none-eabi/13.2.1/../../../arm-none-eabi/lib/thumb/v7e-m+fp/hard/libc_nano.a(libc_a-wctomb_r.o)
 .comment       0x00000026       0x27 /usr/lib/gcc/arm-none-eabi/13.2.1/../../../arm-none-eabi/lib/thumb/v7e-m+fp/hard/libc_nano.a(libc_a-wsetup.o)
 .comment       0x00000026       0x27 /usr/lib/gcc/arm-none-eabi/13.2.1/../../../arm-none-eabi/lib/thumb/v7e-m+fp/hard/libc_nano.a(libc_a-malloc.o)
 .comment       0x00000026       0x27 /usr/lib/gcc/arm-none-eabi/13.2.1/../../../arm-none-eabi/lib/thumb/v7e-m+fp/hard/libc_nano.a(libc_a-nano-vfprintf_i.o)
 .comment       0x00000026       0x27 /usr/lib/gcc/arm-none-eabi/13.2.1/../../../arm-none-eabi/lib/thumb/v7e-m+fp/hard/libc_nano.a(libc_a-mlock.o)
 .comment       0x00000026       0x27 /usr/lib/gcc/arm-none-eabi/13.2.1/../../../arm-none-eabi/lib/thumb/v7e-m+fp/hard/libc_nano.a(libc_a-strncmp.o)
 .comment       0x00000026       0x27 /usr/lib/gcc/arm-none-eabi/13.2.1/../../../arm-none-eabi/lib/thumb/v7e-m+fp/hard/libc_nano.a(libc_a-makebuf.o)
 .comment       0x00000026       0x27 /usr/lib/gcc/arm-none-eabi/13.2.1/../../../arm-none-eabi/lib/thumb/v7e-m+fp/hard/libc_nano.a(libc_a-ctype_.o)
 .comment       0x00000026       0x27 /usr/lib/gcc/arm-none-eabi/13.2.1/../../../arm-none-eabi/lib/thumb/v7e-m+fp/hard/libc_nano.a(libc_a-gdtoa-hexnan.o)
 .comment       0x00000026       0x27 /usr/lib/gcc/arm-none-eabi/13.2.1/../../../arm-none-eabi/lib/thumb/v7e-m+fp/hard/libc_nano.a(libc_a-printf.o)
 .comment       0x00000026       0x27 /usr/lib/gcc/arm-none-eabi/13.2.1/../../../arm-none-eabi/lib/thumb/v7e-m+fp/hard/libc_nano.a(libc_a-isattyr.o)
 .comment       0x00000026       0x27 /usr/lib/gcc/arm-none-eabi/13.2.1/../../../arm-none-eabi/lib/thumb/v7e-m+fp/hard/libc_nano.a(libc_a-nano-vfprintf.o)
 .comment       0x00000026       0x27 /usr/lib/gcc/arm-none-eabi/13.2.1/../../../arm-none-eabi/lib/thumb/v7e-m+fp/hard/libc_nano.a(libc_a-wbuf.o)
 .comment       0x00000026       0x27 /usr/lib/gcc/arm-none-eabi/13.2.1/../../../arm-none-eabi/lib/thumb/v7e-m+fp/hard/libc_nano.a(libm_a-s_nan.o)
 .comment       0x00000026       0x27 /usr/lib/gcc/arm-none-eabi/13.2.1/../../../arm-none-eabi/lib/thumb/v7e-m+fp/hard/libc_nano.a(libm_a-sf_nan.o)
 .comment       0x00000026       0x27 /usr/lib/gcc/arm-none-eabi/13.2.1/../../../arm-none-eabi/lib/thumb/v7e-m+fp/hard/libc_nano.a(libc_a-assert.o)
 .comment       0x00000026       0x27 /usr/lib/gcc/arm-none-eabi/13.2.1/../../../arm-none-eabi/lib/thumb/v7e-m+fp/hard/libc_nano.a(libc_a-mprec.o)
 .comment       0x00000026       0x27 /usr/lib/gcc/arm-none-eabi/13.2.1/../../../arm-none-eabi/lib/thumb/v7e-m+fp/hard/libc_nano.a(libc_a-sbrkr.o)
 .comment       0x00000026       0x27 /usr/lib/gcc/arm-none-eabi/13.2.1/../../../arm-none-eabi/lib/thumb/v7e-m+fp/hard/libc_nano.a(libc_a-stdio.o)
 .comment       0x00000026       0x27 /usr/lib/gcc/arm-none-eabi/13.2.1/../../../arm-none-eabi/lib/thumb/v7e-m+fp/hard/libc_nano.a(libc_a-localeconv.o)
 .comment       0x00000026       0x27 /usr/lib/gcc/arm-none-eabi/13.2.1/../../../arm-none-eabi/lib/thumb/v7e-m+fp/hard/libc_nano.a(libc_a-fvwrite.o)
 .comment       0x00000026       0x27 /usr/lib/gcc/arm-none-eabi/13.2.1/../../../arm-none-eabi/lib/thumb/v7e-m+fp/hard/libc_nano.a(libc_a-mbtowc_r.o)
 .comment       0x00000026       0x27 /usr/lib/gcc/arm-none-eabi/13.2.1/../../../arm-none-eabi/lib/thumb/v7e-m+fp/hard/libc_nano.a(libc_a-abort.o)
 .comment       0x00000026       0x27 /usr/lib/gcc/arm-none-eabi/13.2.1/../../../arm-none-eabi/lib/thumb/v7e-m+fp/hard/libc_nano.a(libc_a-closer.o)
 .comment       0x00000026       0x27 /usr/lib/gcc/arm-none-eabi/13.2.1/../../../arm-none-eabi/lib/thumb/v7e-m+fp/hard/libc_nano.a(libc_a-callocr.o)
 .comment       0x00000026       0x27 /usr/lib/gcc/arm-none-eabi/13.2.1/../../../arm-none-eabi/lib/thumb/v7e-m+fp/hard/libc_nano.a(libc_a-memmove.o)
 .comment       0x00000026       0x27 /usr/lib/gcc/arm-none-eabi/13.2.1/../../../arm-none-eabi/lib/thumb/v7e-m+fp/hard/libc_nano.a(libc_a-readr.o)
 .comment       0x00000026       0x27 /usr/lib/gcc/arm-none-eabi/13.2.1/../../../arm-none-eabi/lib/thumb/v7e-m+fp/hard/libc_nano.a(libc_a-fprintf.o)
 .comment       0x00000026       0x27 /usr/lib/gcc/arm-none-eabi/13.2.1/../../../arm-none-eabi/lib/thumb/v7e-m+fp/hard/libc_nano.a(libc_a-reent.o)
 .comment       0x00000026       0x27 /usr/lib/gcc/arm-none-eabi/13.2.1/../../../arm-none-eabi/lib/thumb/v7e-m+fp/hard/libc_nano.a(libc_a-reallocr.o)
 .comment       0x00000026       0x27 /usr/lib/gcc/arm-none-eabi/13.2.1/../../../arm-none-eabi/lib/thumb/v7e-m+fp/hard/libc_nano.a(libc_a-fstatr.o)
 .comment       0x00000026       0x27 /usr/lib/gcc/arm-none-eabi/13.2.1/../../../arm-none-eabi/lib/thumb/v7e-m+fp/hard/libc_nano.a(libc_a-lseekr.o)
 .comment       0x00000026       0x27 /usr/lib/gcc/arm-none-eabi/13.2.1/../../../arm-none-eabi/lib/thumb/v7e-m+fp/hard/libc_nano.a(libc_a-writer.o)
 .comment       0x00000026       0x27 /usr/lib/gcc/arm-none-eabi/13.2.1/../../../arm-none-eabi/lib/thumb/v7e-m+fp/hard/libc_nano.a(libc_a-msizer.o)
 .comment       0x00000026       0x27 /usr/lib/gcc/arm-none-eabi/13.2.1/../../../arm-none-eabi/lib/thumb/v7e-m+fp/hard/libc_nano.a(libc_a-signal.o)
 .comment       0x00000026       0x27 /usr/lib/gcc/arm-none-eabi/13.2.1/../../../arm-none-eabi/lib/thumb/v7e-m+fp/hard/libc_nano.a(libc_a-signalr.o)
 .comment       0x00000026       0x27 /usr/lib/gcc/arm-none-eabi/13.2.1/../../../arm-none-eabi/lib/thumb/v7e-m+fp/hard/libm.a(libm_a-wf_sqrt.o)
 .comment       0x00000026       0x27 /usr/lib/gcc/arm-none-eabi/13.2.1/../../../arm-none-eabi/lib/thumb/v7e-m+fp/hard/libm.a(libm_a-wf_atan2.o)
 .comment       0x00000026       0x27 /usr/lib/gcc/arm-none-eabi/13.2.1/../../../arm-none-eabi/lib/thumb/v7e-m+fp/hard/libm.a(libm_a-ef_atan2.o)
 .comment       0x00000026       0x27 /usr/lib/gcc/arm-none-eabi/13.2.1/../../../arm-none-eabi/lib/thumb/v7e-m+fp/hard/libm.a(libm_a-sf_atan.o)
 .comment       0x00000026       0x27 /usr/lib/gcc/arm-none-eabi/13.2.1/../../../arm-none-eabi/lib/thumb/v7e-m+fp/hard/libm.a(libm_a-sf_fabs.o)
 .comment       0x00000026       0x27 /usr/lib/gcc/arm-none-eabi/13.2.1/../../../arm-none-eabi/lib/thumb/v7e-m+fp/hard/libm.a(libm_a-ef_sqrt.o)
 .comment       0x00000026       0x27 /usr/lib/gcc/arm-none-eabi/13.2.1/../../../arm-none-eabi/lib/thumb/v7e-m+fp/hard/libnosys.a(close.o)
 .comment       0x00000026       0x27 /usr/lib/gcc/arm-none-eabi/13.2.1/../../../arm-none-eabi/lib/thumb/v7e-m+fp/hard/libnosys.a(fstat.o)
 .comment       0x00000026       0x27 /usr/lib/gcc/arm-none-eabi/13.2.1/../../../arm-none-eabi/lib/thumb/v7e-m+fp/hard/libnosys.a(getpid.o)
 .comment       0x00000026       0x27 /usr/lib/gcc/arm-none-eabi/13.2.1/../../../arm-none-eabi/lib/thumb/v7e-m+fp/hard/libnosys.a(isatty.o)
 .comment       0x00000026       0x27 /usr/lib/gcc/arm-none-eabi/13.2.1/../../../arm-none-eabi/lib/thumb/v7e-m+fp/hard/libnosys.a(kill.o)
 .comment       0x00000026       0x27 /usr/lib/gcc/arm-none-eabi/13.2.1/../../../arm-none-eabi/lib/thumb/v7e-m+fp/hard/libnosys.a(lseek.o)
 .comment       0x00000026       0x27 /usr/lib/gcc/arm-none-eabi/13.2.1/../../../arm-none-eabi/lib/thumb/v7e-m+fp/hard/libnosys.a(read.o)
 .comment       0x00000026       0x27 /usr/lib/gcc/arm-none-eabi/13.2.1/../../../arm-none-eabi/lib/thumb/v7e-m+fp/hard/libnosys.a(sbrk.o)
 .comment       0x00000026       0x27 /usr/lib/gcc/arm-none-eabi/13.2.1/../../../arm-none-eabi/lib/thumb/v7e-m+fp/hard/libnosys.a(_exit.o)
 .comment       0x00000026       0x27 /usr/lib/gcc/arm-none-eabi/13.2.1/thumb/v7e-m+fp/hard/libgcc.a(_fixdfdi.o)
 .comment       0x00000026       0x27 /usr/lib/gcc/arm-none-eabi/13.2.1/thumb/v7e-m+fp/hard/libgcc.a(_fixunsdfdi.o)
 .comment       0x00000026       0x27 /usr/lib/gcc/arm-none-eabi/13.2.1/thumb/v7e-m+fp/hard/libgcc.a(_udivmoddi4.o)
 .comment       0x00000026       0x27 /usr/lib/gcc/arm-none-eabi/13.2.1/thumb/v7e-m+fp/hard/crtend.o

.debug_info     0x00000000    0x3c9ed
 .debug_info    0x00000000     0x2327 build/main.o
 .debug_info    0x00002327      0xad5 build/stm32f4xx_it.o
 .debug_info    0x00002dfc      0x59b build/system_stm32f4xx.o
 .debug_info    0x00003397      0xce8 build/mpu6050.o
 .debug_info    0x0000407f      0xb26 build/stm32f4xx_hal.o
 .debug_info    0x00004ba5     0x1461 build/stm32f4xx_hal_cortex.o
 .debug_info    0x00006006      0xe9e build/stm32f4xx_hal_rcc.o
 .debug_info    0x00006ea4      0x9cb build/stm32f4xx_hal_gpio.o
 .debug_info    0x0000786f      0xdcd build/stm32f4xx_hal_dma.o
 .debug_info    0x0000863c     0x3ede build/stm32f4xx_hal_i2c.o
 .debug_info    0x0000c51a     0x4690 build/stm32f4xx_hal_uart.o
 .debug_info    0x00010baa     0x5824 build/stm32f4xx_hal_tim.o
 .debug_info    0x000163ce     0x238a build/stm32f4xx_hal_tim_ex.o
 .debug_info    0x00018758      0xfc0 build/motor.o
 .debug_info    0x00019718     0x1017 build/command.o
 .debug_info    0x0001a72f      0x2e8 build/pid.o
 .debug_info    0x0001aa17      0xa4a build/control.o
 .debug_info    0x0001b461      0x326 build/mixer.o
 .debug_info    0x0001b787       0x30 build/startup_stm32f405xx.o
 .debug_info    0x0001b7b7     0x1eb3 /usr/lib/gcc/arm-none-eabi/13.2.1/../../../arm-none-eabi/lib/thumb/v7e-m+fp/hard/libc_nano.a(libc_a-strtod.o)
 .debug_info    0x0001d66a      0x70b /usr/lib/gcc/arm-none-eabi/13.2.1/../../../arm-none-eabi/lib/thumb/v7e-m+fp/hard/libc_nano.a(libc_a-impure.o)
 .debug_info    0x0001dd75     0x1232 /usr/lib/gcc/arm-none-eabi/13.2.1/../../../arm-none-eabi/lib/thumb/v7e-m+fp/hard/libc_nano.a(libc_a-gdtoa-gethex.o)
 .debug_info    0x0001efa7      0x10b /usr/lib/gcc/arm-none-eabi/13.2.1/../../../arm-none-eabi/lib/thumb/v7e-m+fp/hard/libc_nano.a(libc_a-init.o)
 .debug_info    0x0001f0b2      0x8f8 /usr/lib/gcc/arm-none-eabi/13.2.1/../../../arm-none-eabi/lib/thumb/v7e-m+fp/hard/libc_nano.a(libc_a-puts.o)
 .debug_info    0x0001f9aa      0xe8c /usr/lib/gcc/arm-none-eabi/13.2.1/../../../arm-none-eabi/lib/thumb/v7e-m+fp/hard/libc_nano.a(libc_a-findfp.o)
 .debug_info    0x00020836      0x135 /usr/lib/gcc/arm-none-eabi/13.2.1/../../../arm-none-eabi/lib/thumb/v7e-m+fp/hard/libc_nano.a(libc_a-memset.o)
 .debug_info    0x0002096b      0xa33 /usr/lib/gcc/arm-none-eabi/13.2.1/../../../arm-none-eabi/lib/thumb/v7e-m+fp/hard/libc_nano.a(libc_a-fflush.o)
 .debug_info    0x0002139e      0x6f1 /usr/lib/gcc/arm-none-eabi/13.2.1/../../../arm-none-eabi/lib/thumb/v7e-m+fp/hard/libc_nano.a(libc_a-errno.o)
 .debug_info    0x00021a8f     0x13f9 /usr/lib/gcc/arm-none-eabi/13.2.1/../../../arm-none-eabi/lib/thumb/v7e-m+fp/hard/libc_nano.a(libc_a-nano-vfprintf_float.o)
 .debug_info    0x00022e88      0xbb9 /usr/lib/gcc/arm-none-eabi/13.2.1/../../../arm-none-eabi/lib/thumb/v7e-m+fp/hard/libc_nano.a(libc_a-locale.o)
 .debug_info    0x00023a41      0x9b6 /usr/lib/gcc/arm-none-eabi/13.2.1/../../../arm-none-eabi/lib/thumb/v7e-m+fp/hard/libc_nano.a(libc_a-mallocr.o)
 .debug_info    0x000243f7     0x1952 /usr/lib/gcc/arm-none-eabi/13.2.1/../../../arm-none-eabi/lib/thumb/v7e-m+fp/hard/libc_nano.a(libc_a-dtoa.o)
 .debug_info    0x00025d49      0x87f /usr/lib/gcc/arm-none-eabi/13.2.1/../../../arm-none-eabi/lib/thumb/v7e-m+fp/hard/libc_nano.a(libc_a-freer.o)
 .debug_info    0x000265c8      0xd77 /usr/lib/gcc/arm-none-eabi/13.2.1/../../../arm-none-eabi/lib/thumb/v7e-m+fp/hard/libc_nano.a(libc_a-strtol.o)
 .debug_info    0x0002733f      0x7c8 /usr/lib/gcc/arm-none-eabi/13.2.1/../../../arm-none-eabi/lib/thumb/v7e-m+fp/hard/libc_nano.a(libc_a-fwalk.o)
 .debug_info    0x00027b07      0xa6c /usr/lib/gcc/arm-none-eabi/13.2.1/../../../arm-none-eabi/lib/thumb/v7e-m+fp/hard/libc_nano.a(libc_a-wctomb_r.o)
 .debug_info    0x00028573      0x7b1 /usr/lib/gcc/arm-none-eabi/13.2.1/../../../arm-none-eabi/lib/thumb/v7e-m+fp/hard/libc_nano.a(libc_a-wsetup.o)
 .debug_info    0x00028d24       0x33 /usr/lib/gcc/arm-none-eabi/13.2.1/../../../arm-none-eabi/lib/thumb/v7e-m+fp/hard/libc_nano.a(libc_a-memcpy.o)
 .debug_info    0x00028d57      0x796 /usr/lib/gcc/arm-none-eabi/13.2.1/../../../arm-none-eabi/lib/thumb/v7e-m+fp/hard/libc_nano.a(libc_a-malloc.o)
 .debug_info    0x000294ed      0xdd7 /usr/lib/gcc/arm-none-eabi/13.2.1/../../../arm-none-eabi/lib/thumb/v7e-m+fp/hard/libc_nano.a(libc_a-nano-vfprintf_i.o)
 .debug_info    0x0002a2c4      0x71c /usr/lib/gcc/arm-none-eabi/13.2.1/../../../arm-none-eabi/lib/thumb/v7e-m+fp/hard/libc_nano.a(libc_a-mlock.o)
 .debug_info    0x0002a9e0      0x108 /usr/lib/gcc/arm-none-eabi/13.2.1/../../../arm-none-eabi/lib/thumb/v7e-m+fp/hard/libc_nano.a(libc_a-strncmp.o)
 .debug_info    0x0002aae8      0xbe6 /usr/lib/gcc/arm-none-eabi/13.2.1/../../../arm-none-eabi/lib/thumb/v7e-m+fp/hard/libc_nano.a(libc_a-makebuf.o)
 .debug_info    0x0002b6ce       0x33 /usr/lib/gcc/arm-none-eabi/13.2.1/../../../arm-none-eabi/lib/thumb/v7e-m+fp/hard/libc_nano.a(libc_a-strcmp.o)
 .debug_info    0x0002b701       0xb9 /usr/lib/gcc/arm-none-eabi/13.2.1/../../../arm-none-eabi/lib/thumb/v7e-m+fp/hard/libc_nano.a(libc_a-ctype_.o)
 .debug_info    0x0002b7ba      0x3d2 /usr/lib/gcc/arm-none-eabi/13.2.1/../../../arm-none-eabi/lib/thumb/v7e-m+fp/hard/libc_nano.a(libc_a-gdtoa-hexnan.o)
 .debug_info    0x0002bb8c      0x837 /usr/lib/gcc/arm-none-eabi/13.2.1/../../../arm-none-eabi/lib/thumb/v7e-m+fp/hard/libc_nano.a(libc_a-printf.o)
 .debug_info    0x0002c3c3      0x752 /usr/lib/gcc/arm-none-eabi/13.2.1/../../../arm-none-eabi/lib/thumb/v7e-m+fp/hard/libc_nano.a(libc_a-isattyr.o)
 .debug_info    0x0002cb15     0x108a /usr/lib/gcc/arm-none-eabi/13.2.1/../../../arm-none-eabi/lib/thumb/v7e-m+fp/hard/libc_nano.a(libc_a-nano-vfprintf.o)
 .debug_info    0x0002db9f      0x863 /usr/lib/gcc/arm-none-eabi/13.2.1/../../../arm-none-eabi/lib/thumb/v7e-m+fp/hard/libc_nano.a(libc_a-wbuf.o)
 .debug_info    0x0002e402       0xcd /usr/lib/gcc/arm-none-eabi/13.2.1/../../../arm-none-eabi/lib/thumb/v7e-m+fp/hard/libc_nano.a(libm_a-s_nan.o)
 .debug_info    0x0002e4cf       0xc9 /usr/lib/gcc/arm-none-eabi/13.2.1/../../../arm-none-eabi/lib/thumb/v7e-m+fp/hard/libc_nano.a(libm_a-sf_nan.o)
 .debug_info    0x0002e598      0x825 /usr/lib/gcc/arm-none-eabi/13.2.1/../../../arm-none-eabi/lib/thumb/v7e-m+fp/hard/libc_nano.a(libc_a-assert.o)
 .debug_info    0x0002edbd     0x1f25 /usr/lib/gcc/arm-none-eabi/13.2.1/../../../arm-none-eabi/lib/thumb/v7e-m+fp/hard/libc_nano.a(libc_a-mprec.o)
 .debug_info    0x00030ce2      0x778 /usr/lib/gcc/arm-none-eabi/13.2.1/../../../arm-none-eabi/lib/thumb/v7e-m+fp/hard/libc_nano.a(libc_a-sbrkr.o)
 .debug_info    0x0003145a      0xa80 /usr/lib/gcc/arm-none-eabi/13.2.1/../../../arm-none-eabi/lib/thumb/v7e-m+fp/hard/libc_nano.a(libc_a-stdio.o)
 .debug_info    0x00031eda      0xa0e /usr/lib/gcc/arm-none-eabi/13.2.1/../../../arm-none-eabi/lib/thumb/v7e-m+fp/hard/libc_nano.a(libc_a-localeconv.o)
 .debug_info    0x000328e8      0xaf1 /usr/lib/gcc/arm-none-eabi/13.2.1/../../../arm-none-eabi/lib/thumb/v7e-m+fp/hard/libc_nano.a(libc_a-fvwrite.o)
 .debug_info    0x000333d9      0xab0 /usr/lib/gcc/arm-none-eabi/13.2.1/../../../arm-none-eabi/lib/thumb/v7e-m+fp/hard/libc_nano.a(libc_a-mbtowc_r.o)